Archive member included because of file (symbol)

c:/program files (x86)/microchip/xc32/v1.40/bin/bin/../../lib/gcc/pic32mx/4.8.3/../../../../pic32mx/lib/size/mips16\libmchp_peripheral.a(open_core_timer_lib.o)
                              build/PIC32MX130F064B_RFM95W/production/Timers.o (OpenCoreTimer)
c:/program files (x86)/microchip/xc32/v1.40/bin/bin/../../lib/gcc/pic32mx/4.8.3/../../../../pic32mx/lib/size/mips16\libmchp_peripheral.a(update_core_timer_lib.o)
                              build/PIC32MX130F064B_RFM95W/production/interrupts.o (UpdateCoreTimer)
c:/program files (x86)/microchip/xc32/v1.40/bin/bin/../../lib/gcc/pic32mx/4.8.3/../../../../pic32mx/lib/size/mips16\libmchp_peripheral_32MX130F256B.a(soft_reset_lib.o)
                              build/PIC32MX130F064B_RFM95W/production/user.o (SoftReset)
c:/program files (x86)/microchip/xc32/v1.40/bin/bin/../../lib/gcc/pic32mx/4.8.3/../../../../pic32mx/lib/size/mips16\libmchp_peripheral_32MX130F256B.a(int_configure_system_lib.o)
                              build/PIC32MX130F064B_RFM95W/production/main.o (INTConfigureSystem)
c:/program files (x86)/microchip/xc32/v1.40/bin/bin/../../lib/gcc/pic32mx/4.8.3/../../../../pic32mx/lib/size/mips16\libmchp_peripheral_32MX130F256B.a(int_enable_interrupts_lib.o)
                              build/PIC32MX130F064B_RFM95W/production/main.o (INTEnableInterrupts)
c:/program files (x86)/microchip/xc32/v1.40/bin/bin/../../lib/gcc/pic32mx/4.8.3/../../../../pic32mx/lib/size/mips16\libmchp_peripheral_32MX130F256B.a(int_disable_interrupts_lib.o)
                              build/PIC32MX130F064B_RFM95W/production/main.o (INTDisableInterrupts)
c:/program files (x86)/microchip/xc32/v1.40/bin/bin/../../lib/gcc/pic32mx/4.8.3/../../../../pic32mx/lib/size/mips16\libmchp_peripheral_32MX130F256B.a(int_restore_interrupts_lib.o)
                              build/PIC32MX130F064B_RFM95W/production/main.o (INTRestoreInterrupts)
c:/program files (x86)/microchip/xc32/v1.40/bin/bin/../../lib/gcc/pic32mx/4.8.3/../../../../pic32mx/lib/size/mips16\libmchp_peripheral_32MX130F256B.a(int_tbl_lib.o)
                              build/PIC32MX130F064B_RFM95W/production/interrupts.o (INTClearFlag)
c:/program files (x86)/microchip/xc32/v1.40/bin/bin/../../lib/gcc/pic32mx/4.8.3/../../../../pic32mx/lib/size/mips16\libmchp_peripheral_32MX130F256B.a(spi_chn_open_lib.o)
                              build/PIC32MX130F064B_RFM95W/production/SPI.o (SpiChnOpen)
c:/program files (x86)/microchip/xc32/v1.40/bin/bin/../../lib/gcc/pic32mx/4.8.3/../../../../pic32mx/lib/size/mips16\libmchp_peripheral_32MX130F256B.a(spi_map_tbl_libp.o)
                              c:/program files (x86)/microchip/xc32/v1.40/bin/bin/../../lib/gcc/pic32mx/4.8.3/../../../../pic32mx/lib/size/mips16\libmchp_peripheral_32MX130F256B.a(spi_chn_open_lib.o) (_SpiMapTbl)
c:/program files (x86)/microchip/xc32/v1.40/bin/bin/../../lib/gcc/pic32mx/4.8.3/../../../../pic32mx/lib/size/mips16\libmchp_peripheral_32MX130F256B.a(nvm_write_word_lib.o)
                              build/PIC32MX130F064B_RFM95W/production/exceptions.o (NVMWriteWord)
c:/program files (x86)/microchip/xc32/v1.40/bin/bin/../../lib/gcc/pic32mx/4.8.3/../../../../pic32mx/lib/size/mips16\libmchp_peripheral_32MX130F256B.a(uart_lib.o)
                              build/PIC32MX130F064B_RFM95W/production/interrupts.o (uartReg)
c:/program files (x86)/microchip/xc32/v1.40/bin/bin/../../lib/gcc/pic32mx/4.8.3/../../../../pic32mx/lib/size/mips16\libmchp_peripheral_32MX130F256B.a(nvm_operation_lib.o)
                              c:/program files (x86)/microchip/xc32/v1.40/bin/bin/../../lib/gcc/pic32mx/4.8.3/../../../../pic32mx/lib/size/mips16\libmchp_peripheral_32MX130F256B.a(nvm_write_word_lib.o) (_NVMOperation)
c:/program files (x86)/microchip/xc32/v1.40/bin/bin/../../lib/gcc/pic32mx/4.8.3/size/mips16\libgcc.a(floatunsisf.o)
                              build/PIC32MX130F064B_RFM95W/production/user.o (__floatunsisf)
c:/program files (x86)/microchip/xc32/v1.40/bin/bin/../../lib/gcc/pic32mx/4.8.3/../../../../pic32mx/lib/size/mips16\libpic32.a(memcmp.o)
                              build/PIC32MX130F064B_RFM95W/production/user.o (memcmp)
c:/program files (x86)/microchip/xc32/v1.40/bin/bin/../../lib/gcc/pic32mx/4.8.3/../../../../pic32mx/lib/size/mips16\libpic32.a(memcpy.o)
                              build/PIC32MX130F064B_RFM95W/production/user.o (memcpy)
c:/program files (x86)/microchip/xc32/v1.40/bin/bin/../../lib/gcc/pic32mx/4.8.3/../../../../pic32mx/lib/size/mips16\libpic32.a(memset.o)
                              build/PIC32MX130F064B_RFM95W/production/user.o (memset)
c:/program files (x86)/microchip/xc32/v1.40/bin/bin/../../lib/gcc/pic32mx/4.8.3/../../../../pic32mx/lib/size/mips16\libpic32.a(default-bootstrap-exception-handler.o)
[...]
Memory Configuration

Name             Origin             Length             Attributes
kseg0_program_mem 0x9d000000         0x0003f000         xr
exception_mem    0x9d03f000         0x00001000
debug_exec_mem   0x9fc00490         0x00000760
kseg0_boot_mem   0x9fc00490         0x00000000
kseg1_boot_mem   0xbfc00000         0x00000490
config3          0xbfc00bf0         0x00000004
config2          0xbfc00bf4         0x00000004
config1          0xbfc00bf8         0x00000004
config0          0xbfc00bfc         0x00000004
kseg1_data_mem   0xa0000000         0x00004000         w !x
sfrs             0xbf800000         0x00100000
configsfrs       0xbfc00bf0         0x00000010
*default*        0x00000000         0xffffffff

Linker script and memory map

LOAD c:/program files (x86)/microchip/xc32/v1.40/bin/bin/../../lib/gcc/pic32mx/4.8.3/../../../../pic32mx/lib/./proc/32MX130F256B/crt0_mips32r2.o
LOAD c:/program files (x86)/microchip/xc32/v1.40/bin/bin/../../lib/gcc/pic32mx/4.8.3/../../../../pic32mx/lib/size/mips16\debug-exception-return.o
LOAD build/PIC32MX130F064B_RFM95W/production/configuration_bits.o
LOAD build/PIC32MX130F064B_RFM95W/production/interrupts.o
LOAD build/PIC32MX130F064B_RFM95W/production/main.o
LOAD build/PIC32MX130F064B_RFM95W/production/system.o
LOAD build/PIC32MX130F064B_RFM95W/production/user.o
LOAD build/PIC32MX130F064B_RFM95W/production/UART.o
LOAD build/PIC32MX130F064B_RFM95W/production/delay.o
LOAD build/PIC32MX130F064B_RFM95W/production/Timers.o
LOAD build/PIC32MX130F064B_RFM95W/production/SPI.o
LOAD build/PIC32MX130F064B_RFM95W/production/RTC_MCP7952X.o
LOAD build/PIC32MX130F064B_RFM95W/production/PWM.o
LOAD build/PIC32MX130F064B_RFM95W/production/RF_RFM22B.o
LOAD build/PIC32MX130F064B_RFM95W/production/adc.o
LOAD build/PIC32MX130F064B_RFM95W/production/exceptions.o
LOAD build/PIC32MX130F064B_RFM95W/production/MEMS_LIS331DL.o
LOAD build/PIC32MX130F064B_RFM95W/production/DALI.o
LOAD build/PIC32MX130F064B_RFM95W/production/AES/AES_ECB_PIC32.o
LOAD build/PIC32MX130F064B_RFM95W/production/RF_RFM69HCW.o
LOAD build/PIC32MX130F064B_RFM95W/production/PM_MCP39F511.o
LOAD build/PIC32MX130F064B_RFM95W/production/RF_RFM95W.o
                0x00000001                __MPLAB_BUILD = 0x1
LOAD c:/program files (x86)/microchip/xc32/v1.40/bin/bin/../../lib/gcc/pic32mx/4.8.3/../../../../pic32mx/lib/./proc/32MX130F256B\default_isr_vectors.o
LOAD c:/program files (x86)/microchip/xc32/v1.40/bin/bin/../../lib/gcc/pic32mx/4.8.3/../../../../pic32mx/lib/size/mips16\pic32_software_reset.o
                0x00000400                PROVIDE (_min_stack_size, 0x400)
LOAD c:/program files (x86)/microchip/xc32/v1.40/bin/bin/../../lib/gcc/pic32mx/4.8.3/../../../../pic32mx/lib/./proc/32MX130F256B\processor.o
START GROUP
LOAD c:/program files (x86)/microchip/xc32/v1.40/bin/bin/../../lib/gcc/pic32mx/4.8.3/../../../../pic32mx/lib/size/mips16\libmchp_peripheral.a
END GROUP
START GROUP
LOAD c:/program files (x86)/microchip/xc32/v1.40/bin/bin/../../lib/gcc/pic32mx/4.8.3/../../../../pic32mx/lib/size/mips16\libmchp_peripheral_32MX130F256B.a
END GROUP
                0x00000001                PROVIDE (_vector_spacing, 0x1)
                0x9d03f000                _ebase_address = 0x9d03f000
                0xbfc00000                _RESET_ADDR = 0xbfc00000
                0xbfc00380                _BEV_EXCPT_ADDR = 0xbfc00380
                0xbfc00480                _DBG_EXCPT_ADDR = 0xbfc00480
                0x9fc00490                _DBG_CODE_ADDR = 0x9fc00490
                0x00000760                _DBG_CODE_SIZE = 0x760
                0x9d03f180                _GEN_EXCPT_ADDR = (_ebase_address + 0x180)

.config_BFC00BF0
                0xbfc00bf0        0x4
 *(.config_BFC00BF0)
 .config_BFC00BF0
                0xbfc00bf0        0x4 build/PIC32MX130F064B_RFM95W/production/configuration_bits.o

.config_BFC00BF4
                0xbfc00bf4        0x4
 *(.config_BFC00BF4)
 .config_BFC00BF4
                0xbfc00bf4        0x4 build/PIC32MX130F064B_RFM95W/production/configuration_bits.o

.config_BFC00BF8
                0xbfc00bf8        0x4
 *(.config_BFC00BF8)
 .config_BFC00BF8
                0xbfc00bf8        0x4 build/PIC32MX130F064B_RFM95W/production/configuration_bits.o

.config_BFC00BFC
                0xbfc00bfc        0x4
 *(.config_BFC00BFC)
 .config_BFC00BFC
                0xbfc00bfc        0x4 build/PIC32MX130F064B_RFM95W/production/configuration_bits.o
                0xbfc02000                PROVIDE (_DBG_CODE_ADDR, 0xbfc02000)
                0x00000ff0                PROVIDE (_DBG_CODE_SIZE, 0xff0)

.reset          0xbfc00000      0x1d0
 *(.reset)
 .reset         0xbfc00000        0x8 c:/program files (x86)/microchip/xc32/v1.40/bin/bin/../../lib/gcc/pic32mx/4.8.3/../../../../pic32mx/lib/./proc/32MX130F256B/crt0_mips32r2.o
                0xbfc00000                _reset
 *(.reset.startup)
 .reset.startup
                0xbfc00008      0x1c8 c:/program files (x86)/microchip/xc32/v1.40/bin/bin/../../lib/gcc/pic32mx/4.8.3/../../../../pic32mx/lib/./proc/32MX130F256B/crt0_mips32r2.o

.bev_excpt      0xbfc00380       0x10
 *(.bev_handler)
 .bev_handler   0xbfc00380       0x10 c:/program files (x86)/microchip/xc32/v1.40/bin/bin/../../lib/gcc/pic32mx/4.8.3/../../../../pic32mx/lib/./proc/32MX130F256B/crt0_mips32r2.o

.dbg_excpt      0xbfc00480        0x0
                0xbfc00480                . = (. + DEFINED (_DEBUGGER)?0x8:0x0)

.dbg_code       0x9fc00490        0x0
                0x9fc00490                . = (. + DEFINED (_DEBUGGER)?_DBG_CODE_SIZE:0x0)

.app_excpt      0x9d03f180       0x10
 *(.gen_handler)
 .gen_handler   0x9d03f180       0x10 c:/program files (x86)/microchip/xc32/v1.40/bin/bin/../../lib/gcc/pic32mx/4.8.3/../../../../pic32mx/lib/./proc/32MX130F256B/crt0_mips32r2.o

.vector_0       0x9d03f200        0x8
 *(.vector_0)
 .vector_0      0x9d03f200        0x8 build/PIC32MX130F064B_RFM95W/production/interrupts.o
                0x9d03f200                __vector_dispatch_0
                0x00000001                ASSERT (((_vector_spacing == 0x0) || (SIZEOF (.vector_0) <= (_vector_spacing << 0x5))), function at exception vector 0 too large)

.vector_1       0x9d03f220        0x8
 *(.vector_1)
 .vector_1      0x9d03f220        0x8 c:/program files (x86)/microchip/xc32/v1.40/bin/bin/../../lib/gcc/pic32mx/4.8.3/../../../../pic32mx/lib/size/mips16\libpic32.a(vector1.o)
                0x9d03f220                __vector_dispatch_1
                0x00000001                ASSERT (((_vector_spacing == 0x0) || (SIZEOF (.vector_1) <= (_vector_spacing << 0x5))), function at exception vector 1 too large)

.vector_2       0x9d03f240        0x8
 *(.vector_2)
 .vector_2      0x9d03f240        0x8 c:/program files (x86)/microchip/xc32/v1.40/bin/bin/../../lib/gcc/pic32mx/4.8.3/../../../../pic32mx/lib/size/mips16\libpic32.a(vector2.o)
                0x9d03f240                __vector_dispatch_2
                0x00000001                ASSERT (((_vector_spacing == 0x0) || (SIZEOF (.vector_2) <= (_vector_spacing << 0x5))), function at exception vector 2 too large)

.vector_3       0x9d03f260        0x8
 *(.vector_3)
 .vector_3      0x9d03f260        0x8 build/PIC32MX130F064B_RFM95W/production/interrupts.o
                0x9d03f260                __vector_dispatch_3
                0x00000001                ASSERT (((_vector_spacing == 0x0) || (SIZEOF (.vector_3) <= (_vector_spacing << 0x5))), function at exception vector 3 too large)

.vector_4       0x9d03f280        0x8
 *(.vector_4)
 .vector_4      0x9d03f280        0x8 c:/program files (x86)/microchip/xc32/v1.40/bin/bin/../../lib/gcc/pic32mx/4.8.3/../../../../pic32mx/lib/size/mips16\libpic32.a(vector4.o)
                0x9d03f280                __vector_dispatch_4
                0x00000001                ASSERT (((_vector_spacing == 0x0) || (SIZEOF (.vector_4) <= (_vector_spacing << 0x5))), function at exception vector 4 too large)

.vector_5       0x9d03f2a0        0x8
 *(.vector_5)
 .vector_5      0x9d03f2a0        0x8 c:/program files (x86)/microchip/xc32/v1.40/bin/bin/../../lib/gcc/pic32mx/4.8.3/../../../../pic32mx/lib/size/mips16\libpic32.a(vector5.o)
                0x9d03f2a0                __vector_dispatch_5
                0x00000001                ASSERT (((_vector_spacing == 0x0) || (SIZEOF (.vector_5) <= (_vector_spacing << 0x5))), function at exception vector 5 too large)

.vector_6       0x9d03f2c0        0x8
 *(.vector_6)
 .vector_6      0x9d03f2c0        0x8 c:/program files (x86)/microchip/xc32/v1.40/bin/bin/../../lib/gcc/pic32mx/4.8.3/../../../../pic32mx/lib/size/mips16\libpic32.a(vector6.o)
                0x9d03f2c0                __vector_dispatch_6
                0x00000001                ASSERT (((_vector_spacing == 0x0) || (SIZEOF (.vector_6) <= (_vector_spacing << 0x5))), function at exception vector 6 too large)

.vector_7       0x9d03f2e0        0x8
 *(.vector_7)
 .vector_7      0x9d03f2e0        0x8 c:/program files (x86)/microchip/xc32/v1.40/bin/bin/../../lib/gcc/pic32mx/4.8.3/../../../../pic32mx/lib/size/mips16\libpic32.a(vector7.o)
                0x9d03f2e0                __vector_dispatch_7
                0x00000001                ASSERT (((_vector_spacing == 0x0) || (SIZEOF (.vector_7) <= (_vector_spacing << 0x5))), function at exception vector 7 too large)

.vector_8       0x9d03f300        0x8
 *(.vector_8)
 .vector_8      0x9d03f300        0x8 c:/program files (x86)/microchip/xc32/v1.40/bin/bin/../../lib/gcc/pic32mx/4.8.3/../../../../pic32mx/lib/size/mips16\libpic32.a(vector8.o)
                0x9d03f300                __vector_dispatch_8
                0x00000001                ASSERT (((_vector_spacing == 0x0) || (SIZEOF (.vector_8) <= (_vector_spacing << 0x5))), function at exception vector 8 too large)

.vector_9       0x9d03f320        0x8
 *(.vector_9)
 .vector_9      0x9d03f320        0x8 c:/program files (x86)/microchip/xc32/v1.40/bin/bin/../../lib/gcc/pic32mx/4.8.3/../../../../pic32mx/lib/size/mips16\libpic32.a(vector9.o)
                0x9d03f320                __vector_dispatch_9
                0x00000001                ASSERT (((_vector_spacing == 0x0) || (SIZEOF (.vector_9) <= (_vector_spacing << 0x5))), function at exception vector 9 too large)

.vector_10      0x9d03f340        0x8
 *(.vector_10)
 .vector_10     0x9d03f340        0x8 c:/program files (x86)/microchip/xc32/v1.40/bin/bin/../../lib/gcc/pic32mx/4.8.3/../../../../pic32mx/lib/size/mips16\libpic32.a(vector10.o)
                0x9d03f340                __vector_dispatch_10
                0x00000001                ASSERT (((_vector_spacing == 0x0) || (SIZEOF (.vector_10) <= (_vector_spacing << 0x5))), function at exception vector 10 too large)

.vector_11      0x9d03f360        0x8
 *(.vector_11)
 .vector_11     0x9d03f360        0x8 c:/program files (x86)/microchip/xc32/v1.40/bin/bin/../../lib/gcc/pic32mx/4.8.3/../../../../pic32mx/lib/size/mips16\libpic32.a(vector11.o)
                0x9d03f360                __vector_dispatch_11
                0x00000001                ASSERT (((_vector_spacing == 0x0) || (SIZEOF (.vector_11) <= (_vector_spacing << 0x5))), function at exception vector 11 too large)

.vector_12      0x9d03f380        0x8
 *(.vector_12)
 .vector_12     0x9d03f380        0x8 c:/program files (x86)/microchip/xc32/v1.40/bin/bin/../../lib/gcc/pic32mx/4.8.3/../../../../pic32mx/lib/size/mips16\libpic32.a(vector12.o)
                0x9d03f380                __vector_dispatch_12
                0x00000001                ASSERT (((_vector_spacing == 0x0) || (SIZEOF (.vector_12) <= (_vector_spacing << 0x5))), function at exception vector 12 too large)

.vector_13      0x9d03f3a0        0x8
 *(.vector_13)
 .vector_13     0x9d03f3a0        0x8 c:/program files (x86)/microchip/xc32/v1.40/bin/bin/../../lib/gcc/pic32mx/4.8.3/../../../../pic32mx/lib/size/mips16\libpic32.a(vector13.o)
                0x9d03f3a0                __vector_dispatch_13
                0x00000001                ASSERT (((_vector_spacing == 0x0) || (SIZEOF (.vector_13) <= (_vector_spacing << 0x5))), function at exception vector 13 too large)

.vector_14      0x9d03f3c0        0x8
 *(.vector_14)
 .vector_14     0x9d03f3c0        0x8 c:/program files (x86)/microchip/xc32/v1.40/bin/bin/../../lib/gcc/pic32mx/4.8.3/../../../../pic32mx/lib/size/mips16\libpic32.a(vector14.o)
                0x9d03f3c0                __vector_dispatch_14
                0x00000001                ASSERT (((_vector_spacing == 0x0) || (SIZEOF (.vector_14) <= (_vector_spacing << 0x5))), function at exception vector 14 too large)

.vector_15      0x9d03f3e0        0x8
 *(.vector_15)
 .vector_15     0x9d03f3e0        0x8 c:/program files (x86)/microchip/xc32/v1.40/bin/bin/../../lib/gcc/pic32mx/4.8.3/../../../../pic32mx/lib/size/mips16\libpic32.a(vector15.o)
                0x9d03f3e0                __vector_dispatch_15
                0x00000001                ASSERT (((_vector_spacing == 0x0) || (SIZEOF (.vector_15) <= (_vector_spacing << 0x5))), function at exception vector 15 too large)

.vector_16      0x9d03f400        0x8
 *(.vector_16)
 .vector_16     0x9d03f400        0x8 build/PIC32MX130F064B_RFM95W/production/interrupts.o
                0x9d03f400                __vector_dispatch_16
                0x00000001                ASSERT (((_vector_spacing == 0x0) || (SIZEOF (.vector_16) <= (_vector_spacing << 0x5))), function at exception vector 16 too large)

.vector_17      0x9d03f420        0x8
 *(.vector_17)
 .vector_17     0x9d03f420        0x8 c:/program files (x86)/microchip/xc32/v1.40/bin/bin/../../lib/gcc/pic32mx/4.8.3/../../../../pic32mx/lib/size/mips16\libpic32.a(vector17.o)
                0x9d03f420                __vector_dispatch_17
                0x00000001                ASSERT (((_vector_spacing == 0x0) || (SIZEOF (.vector_17) <= (_vector_spacing << 0x5))), function at exception vector 17 too large)

.vector_18      0x9d03f440        0x8
 *(.vector_18)
 .vector_18     0x9d03f440        0x8 c:/program files (x86)/microchip/xc32/v1.40/bin/bin/../../lib/gcc/pic32mx/4.8.3/../../../../pic32mx/lib/size/mips16\libpic32.a(vector18.o)
                0x9d03f440                __vector_dispatch_18
                0x00000001                ASSERT (((_vector_spacing == 0x0) || (SIZEOF (.vector_18) <= (_vector_spacing << 0x5))), function at exception vector 18 too large)

.vector_19      0x9d03f460        0x8
 *(.vector_19)
 .vector_19     0x9d03f460        0x8 c:/program files (x86)/microchip/xc32/v1.40/bin/bin/../../lib/gcc/pic32mx/4.8.3/../../../../pic32mx/lib/size/mips16\libpic32.a(vector19.o)
                0x9d03f460                __vector_dispatch_19
                0x00000001                ASSERT (((_vector_spacing == 0x0) || (SIZEOF (.vector_19) <= (_vector_spacing << 0x5))), function at exception vector 19 too large)

.vector_20      0x9d03f480        0x8
 *(.vector_20)
 .vector_20     0x9d03f480        0x8 build/PIC32MX130F064B_RFM95W/production/interrupts.o
                0x9d03f480                __vector_dispatch_20
                0x00000001                ASSERT (((_vector_spacing == 0x0) || (SIZEOF (.vector_20) <= (_vector_spacing << 0x5))), function at exception vector 20 too large)

.vector_21      0x9d03f4a0        0x8
 *(.vector_21)
 .vector_21     0x9d03f4a0        0x8 c:/program files (x86)/microchip/xc32/v1.40/bin/bin/../../lib/gcc/pic32mx/4.8.3/../../../../pic32mx/lib/size/mips16\libpic32.a(vector21.o)
                0x9d03f4a0                __vector_dispatch_21
                0x00000001                ASSERT (((_vector_spacing == 0x0) || (SIZEOF (.vector_21) <= (_vector_spacing << 0x5))), function at exception vector 21 too large)

.vector_22      0x9d03f4c0        0x8
 *(.vector_22)
 .vector_22     0x9d03f4c0        0x8 c:/program files (x86)/microchip/xc32/v1.40/bin/bin/../../lib/gcc/pic32mx/4.8.3/../../../../pic32mx/lib/size/mips16\libpic32.a(vector22.o)
                0x9d03f4c0                __vector_dispatch_22
                0x00000001                ASSERT (((_vector_spacing == 0x0) || (SIZEOF (.vector_22) <= (_vector_spacing << 0x5))), function at exception vector 22 too large)

.vector_23      0x9d03f4e0        0x8
 *(.vector_23)
 .vector_23     0x9d03f4e0        0x8 build/PIC32MX130F064B_RFM95W/production/interrupts.o
                0x9d03f4e0                __vector_dispatch_23
                0x00000001                ASSERT (((_vector_spacing == 0x0) || (SIZEOF (.vector_23) <= (_vector_spacing << 0x5))), function at exception vector 23 too large)

.vector_24      0x9d03f500        0x8
 *(.vector_24)
 .vector_24     0x9d03f500        0x8 c:/program files (x86)/microchip/xc32/v1.40/bin/bin/../../lib/gcc/pic32mx/4.8.3/../../../../pic32mx/lib/size/mips16\libpic32.a(vector24.o)
                0x9d03f500                __vector_dispatch_24
                0x00000001                ASSERT (((_vector_spacing == 0x0) || (SIZEOF (.vector_24) <= (_vector_spacing << 0x5))), function at exception vector 24 too large)

.vector_25      0x9d03f520        0x8
 *(.vector_25)
 .vector_25     0x9d03f520        0x8 c:/program files (x86)/microchip/xc32/v1.40/bin/bin/../../lib/gcc/pic32mx/4.8.3/../../../../pic32mx/lib/size/mips16\libpic32.a(vector25.o)
                0x9d03f520                __vector_dispatch_25
                0x00000001                ASSERT (((_vector_spacing == 0x0) || (SIZEOF (.vector_25) <= (_vector_spacing << 0x5))), function at exception vector 25 too large)

.vector_26      0x9d03f540        0x8
 *(.vector_26)
 .vector_26     0x9d03f540        0x8 c:/program files (x86)/microchip/xc32/v1.40/bin/bin/../../lib/gcc/pic32mx/4.8.3/../../../../pic32mx/lib/size/mips16\libpic32.a(vector26.o)
                0x9d03f540                __vector_dispatch_26
                0x00000001                ASSERT (((_vector_spacing == 0x0) || (SIZEOF (.vector_26) <= (_vector_spacing << 0x5))), function at exception vector 26 too large)

.vector_27      0x9d03f560        0x8
 *(.vector_27)
 .vector_27     0x9d03f560        0x8 c:/program files (x86)/microchip/xc32/v1.40/bin/bin/../../lib/gcc/pic32mx/4.8.3/../../../../pic32mx/lib/size/mips16\libpic32.a(vector27.o)
                0x9d03f560                __vector_dispatch_27
                0x00000001                ASSERT (((_vector_spacing == 0x0) || (SIZEOF (.vector_27) <= (_vector_spacing << 0x5))), function at exception vector 27 too large)

.vector_28      0x9d03f580        0x8
 *(.vector_28)
 .vector_28     0x9d03f580        0x8 c:/program files (x86)/microchip/xc32/v1.40/bin/bin/../../lib/gcc/pic32mx/4.8.3/../../../../pic32mx/lib/size/mips16\libpic32.a(vector28.o)
                0x9d03f580                __vector_dispatch_28
                0x00000001                ASSERT (((_vector_spacing == 0x0) || (SIZEOF (.vector_28) <= (_vector_spacing << 0x5))), function at exception vector 28 too large)

.vector_29      0x9d03f5a0        0x8
 *(.vector_29)
 .vector_29     0x9d03f5a0        0x8 c:/program files (x86)/microchip/xc32/v1.40/bin/bin/../../lib/gcc/pic32mx/4.8.3/../../../../pic32mx/lib/size/mips16\libpic32.a(vector29.o)
                0x9d03f5a0                __vector_dispatch_29
                0x00000001                ASSERT (((_vector_spacing == 0x0) || (SIZEOF (.vector_29) <= (_vector_spacing << 0x5))), function at exception vector 29 too large)

.vector_30      0x9d03f5c0        0x8
 *(.vector_30)
 .vector_30     0x9d03f5c0        0x8 c:/program files (x86)/microchip/xc32/v1.40/bin/bin/../../lib/gcc/pic32mx/4.8.3/../../../../pic32mx/lib/size/mips16\libpic32.a(vector30.o)
                0x9d03f5c0                __vector_dispatch_30
                0x00000001                ASSERT (((_vector_spacing == 0x0) || (SIZEOF (.vector_30) <= (_vector_spacing << 0x5))), function at exception vector 30 too large)

.vector_31      0x9d03f5e0        0x8
 *(.vector_31)
 .vector_31     0x9d03f5e0        0x8 c:/program files (x86)/microchip/xc32/v1.40/bin/bin/../../lib/gcc/pic32mx/4.8.3/../../../../pic32mx/lib/size/mips16\libpic32.a(vector31.o)
                0x9d03f5e0                __vector_dispatch_31
                0x00000001                ASSERT (((_vector_spacing == 0x0) || (SIZEOF (.vector_31) <= (_vector_spacing << 0x5))), function at exception vector 31 too large)

.vector_32      0x9d03f600        0x8
 *(.vector_32)
 .vector_32     0x9d03f600        0x8 build/PIC32MX130F064B_RFM95W/production/interrupts.o
                0x9d03f600                __vector_dispatch_32
                0x00000001                ASSERT (((_vector_spacing == 0x0) || (SIZEOF (.vector_32) <= (_vector_spacing << 0x5))), function at exception vector 32 too large)

.vector_33      0x9d03f620        0x8
 *(.vector_33)
 .vector_33     0x9d03f620        0x8 c:/program files (x86)/microchip/xc32/v1.40/bin/bin/../../lib/gcc/pic32mx/4.8.3/../../../../pic32mx/lib/size/mips16\libpic32.a(vector33.o)
                0x9d03f620                __vector_dispatch_33
                0x00000001                ASSERT (((_vector_spacing == 0x0) || (SIZEOF (.vector_33) <= (_vector_spacing << 0x5))), function at exception vector 33 too large)

.vector_34      0x9d03f640        0x8
 *(.vector_34)
 .vector_34     0x9d03f640        0x8 c:/program files (x86)/microchip/xc32/v1.40/bin/bin/../../lib/gcc/pic32mx/4.8.3/../../../../pic32mx/lib/size/mips16\libpic32.a(vector34.o)
                0x9d03f640                __vector_dispatch_34
                0x00000001                ASSERT (((_vector_spacing == 0x0) || (SIZEOF (.vector_34) <= (_vector_spacing << 0x5))), function at exception vector 34 too large)

.vector_35      0x9d03f660        0x8
 *(.vector_35)
 .vector_35     0x9d03f660        0x8 c:/program files (x86)/microchip/xc32/v1.40/bin/bin/../../lib/gcc/pic32mx/4.8.3/../../../../pic32mx/lib/size/mips16\libpic32.a(vector35.o)
                0x9d03f660                __vector_dispatch_35
                0x00000001                ASSERT (((_vector_spacing == 0x0) || (SIZEOF (.vector_35) <= (_vector_spacing << 0x5))), function at exception vector 35 too large)

.vector_36      0x9d03f680        0x8
 *(.vector_36)
 .vector_36     0x9d03f680        0x8 c:/program files (x86)/microchip/xc32/v1.40/bin/bin/../../lib/gcc/pic32mx/4.8.3/../../../../pic32mx/lib/size/mips16\libpic32.a(vector36.o)
                0x9d03f680                __vector_dispatch_36
                0x00000001                ASSERT (((_vector_spacing == 0x0) || (SIZEOF (.vector_36) <= (_vector_spacing << 0x5))), function at exception vector 36 too large)

.vector_37      0x9d03f6a0        0x8
 *(.vector_37)
 .vector_37     0x9d03f6a0        0x8 c:/program files (x86)/microchip/xc32/v1.40/bin/bin/../../lib/gcc/pic32mx/4.8.3/../../../../pic32mx/lib/size/mips16\libpic32.a(vector37.o)
                0x9d03f6a0                __vector_dispatch_37
                0x00000001                ASSERT (((_vector_spacing == 0x0) || (SIZEOF (.vector_37) <= (_vector_spacing << 0x5))), function at exception vector 37 too large)

.vector_38      0x9d03f6c0        0x8
 *(.vector_38)
 .vector_38     0x9d03f6c0        0x8 c:/program files (x86)/microchip/xc32/v1.40/bin/bin/../../lib/gcc/pic32mx/4.8.3/../../../../pic32mx/lib/size/mips16\libpic32.a(vector38.o)
                0x9d03f6c0                __vector_dispatch_38
                0x00000001                ASSERT (((_vector_spacing == 0x0) || (SIZEOF (.vector_38) <= (_vector_spacing << 0x5))), function at exception vector 38 too large)

.vector_39      0x9d03f6e0        0x8
 *(.vector_39)
 .vector_39     0x9d03f6e0        0x8 c:/program files (x86)/microchip/xc32/v1.40/bin/bin/../../lib/gcc/pic32mx/4.8.3/../../../../pic32mx/lib/size/mips16\libpic32.a(vector39.o)
                0x9d03f6e0                __vector_dispatch_39
                0x00000001                ASSERT (((_vector_spacing == 0x0) || (SIZEOF (.vector_39) <= (_vector_spacing << 0x5))), function at exception vector 39 too large)

.vector_40      0x9d03f700        0x8
 *(.vector_40)
 .vector_40     0x9d03f700        0x8 c:/program files (x86)/microchip/xc32/v1.40/bin/bin/../../lib/gcc/pic32mx/4.8.3/../../../../pic32mx/lib/size/mips16\libpic32.a(vector40.o)
                0x9d03f700                __vector_dispatch_40
                0x00000001                ASSERT (((_vector_spacing == 0x0) || (SIZEOF (.vector_40) <= (_vector_spacing << 0x5))), function at exception vector 40 too large)

.vector_41      0x9d03f720        0x8
 *(.vector_41)
 .vector_41     0x9d03f720        0x8 c:/program files (x86)/microchip/xc32/v1.40/bin/bin/../../lib/gcc/pic32mx/4.8.3/../../../../pic32mx/lib/size/mips16\libpic32.a(vector41.o)
                0x9d03f720                __vector_dispatch_41
                0x00000001                ASSERT (((_vector_spacing == 0x0) || (SIZEOF (.vector_41) <= (_vector_spacing << 0x5))), function at exception vector 41 too large)

.vector_42      0x9d03f740        0x8
 *(.vector_42)
 .vector_42     0x9d03f740        0x8 c:/program files (x86)/microchip/xc32/v1.40/bin/bin/../../lib/gcc/pic32mx/4.8.3/../../../../pic32mx/lib/size/mips16\libpic32.a(vector42.o)
                0x9d03f740                __vector_dispatch_42
                0x00000001                ASSERT (((_vector_spacing == 0x0) || (SIZEOF (.vector_42) <= (_vector_spacing << 0x5))), function at exception vector 42 too large)

.vector_43      0x9d03f760        0x8
 *(.vector_43)
 .vector_43     0x9d03f760        0x8 c:/program files (x86)/microchip/xc32/v1.40/bin/bin/../../lib/gcc/pic32mx/4.8.3/../../../../pic32mx/lib/size/mips16\libpic32.a(vector43.o)
                0x9d03f760                __vector_dispatch_43
                0x00000001                ASSERT (((_vector_spacing == 0x0) || (SIZEOF (.vector_43) <= (_vector_spacing << 0x5))), function at exception vector 43 too large)

.vector_44      0x9d03f780        0x0
 *(.vector_44)
                0x00000001                ASSERT (((_vector_spacing == 0x0) || (SIZEOF (.vector_44) <= (_vector_spacing << 0x5))), function at exception vector 44 too large)

.vector_45      0x9d03f7a0        0x0
 *(.vector_45)
                0x00000001                ASSERT (((_vector_spacing == 0x0) || (SIZEOF (.vector_45) <= (_vector_spacing << 0x5))), function at exception vector 45 too large)

.vector_46      0x9d03f7c0        0x0
 *(.vector_46)
                0x00000001                ASSERT (((_vector_spacing == 0x0) || (SIZEOF (.vector_46) <= (_vector_spacing << 0x5))), function at exception vector 46 too large)

.vector_47      0x9d03f7e0        0x0
 *(.vector_47)
                0x00000001                ASSERT (((_vector_spacing == 0x0) || (SIZEOF (.vector_47) <= (_vector_spacing << 0x5))), function at exception vector 47 too large)

.vector_48      0x9d03f800        0x0
 *(.vector_48)
                0x00000001                ASSERT (((_vector_spacing == 0x0) || (SIZEOF (.vector_48) <= (_vector_spacing << 0x5))), function at exception vector 48 too large)

.vector_49      0x9d03f820        0x0
 *(.vector_49)
                0x00000001                ASSERT (((_vector_spacing == 0x0) || (SIZEOF (.vector_49) <= (_vector_spacing << 0x5))), function at exception vector 49 too large)

.vector_50      0x9d03f840        0x0
 *(.vector_50)
                0x00000001                ASSERT (((_vector_spacing == 0x0) || (SIZEOF (.vector_50) <= (_vector_spacing << 0x5))), function at exception vector 50 too large)

.vector_51      0x9d03f860        0x0
 *(.vector_51)
                0x00000001                ASSERT (((_vector_spacing == 0x0) || (SIZEOF (.vector_51) <= (_vector_spacing << 0x5))), function at exception vector 51 too large)

.vector_52      0x9d03f880        0x0
 *(.vector_52)
                0x00000001                ASSERT (((_vector_spacing == 0x0) || (SIZEOF (.vector_52) <= (_vector_spacing << 0x5))), function at exception vector 52 too large)

.vector_53      0x9d03f8a0        0x0
 *(.vector_53)
                0x00000001                ASSERT (((_vector_spacing == 0x0) || (SIZEOF (.vector_53) <= (_vector_spacing << 0x5))), function at exception vector 53 too large)

.vector_54      0x9d03f8c0        0x0
 *(.vector_54)
                0x00000001                ASSERT (((_vector_spacing == 0x0) || (SIZEOF (.vector_54) <= (_vector_spacing << 0x5))), function at exception vector 54 too large)

.vector_55      0x9d03f8e0        0x0
 *(.vector_55)
                0x00000001                ASSERT (((_vector_spacing == 0x0) || (SIZEOF (.vector_55) <= (_vector_spacing << 0x5))), function at exception vector 55 too large)

.vector_56      0x9d03f900        0x0
 *(.vector_56)
                0x00000001                ASSERT (((_vector_spacing == 0x0) || (SIZEOF (.vector_56) <= (_vector_spacing << 0x5))), function at exception vector 56 too large)

.vector_57      0x9d03f920        0x0
 *(.vector_57)
                0x00000001                ASSERT (((_vector_spacing == 0x0) || (SIZEOF (.vector_57) <= (_vector_spacing << 0x5))), function at exception vector 57 too large)

.vector_58      0x9d03f940        0x0
 *(.vector_58)
                0x00000001                ASSERT (((_vector_spacing == 0x0) || (SIZEOF (.vector_58) <= (_vector_spacing << 0x5))), function at exception vector 58 too large)

.vector_59      0x9d03f960        0x0
 *(.vector_59)
                0x00000001                ASSERT (((_vector_spacing == 0x0) || (SIZEOF (.vector_59) <= (_vector_spacing << 0x5))), function at exception vector 59 too large)

.vector_60      0x9d03f980        0x0
 *(.vector_60)
                0x00000001                ASSERT (((_vector_spacing == 0x0) || (SIZEOF (.vector_60) <= (_vector_spacing << 0x5))), function at exception vector 60 too large)

.vector_61      0x9d03f9a0        0x0
 *(.vector_61)
                0x00000001                ASSERT (((_vector_spacing == 0x0) || (SIZEOF (.vector_61) <= (_vector_spacing << 0x5))), function at exception vector 61 too large)

.vector_62      0x9d03f9c0        0x0
 *(.vector_62)
                0x00000001                ASSERT (((_vector_spacing == 0x0) || (SIZEOF (.vector_62) <= (_vector_spacing << 0x5))), function at exception vector 62 too large)

.vector_63      0x9d03f9e0        0x0
 *(.vector_63)
                0x00000001                ASSERT (((_vector_spacing == 0x0) || (SIZEOF (.vector_63) <= (_vector_spacing << 0x5))), function at exception vector 63 too large)

.startup
 *(.startup)

.text           0x9d000000        0x0
 *(.stub .gnu.linkonce.t.*)
 *(.text.*personality*)
 *(.mips16.fn.*)
 *(.mips16.call.*)
 *(.gnu.warning)
                0x9d000000                . = ALIGN (0x4)

.init           0x9d000000        0x0
 *crti.o(.init)
 *crtbegin.o(.init)
 *(EXCLUDE_FILE(*crtn.o *crtend?.o *crtend.o) .init)
 *crtend.o(.init)
 *crtn.o(.init)
                0x9d000000                . = ALIGN (0x4)

.fini           0x9d000000        0x0
 *(.fini)
                0x9d000000                . = ALIGN (0x4)

.preinit_array  0x9d000000        0x0
                0x9d000000                PROVIDE (__preinit_array_start, .)
 *(.preinit_array)
                0x9d000000                PROVIDE (__preinit_array_end, .)
                0x9d000000                . = ALIGN (0x4)

.init_array     0x9d000000        0x0
                0x9d000000                PROVIDE (__init_array_start, .)
 *(SORT(.init_array.*))
 *(.init_array)
                0x9d000000                PROVIDE (__init_array_end, .)
                0x9d000000                . = ALIGN (0x4)

.fini_array     0x9d000000        0x0
                0x9d000000                PROVIDE (__fini_array_start, .)
 *(SORT(.fini_array.*))
 *(.fini_array)
                0x9d000000                PROVIDE (__fini_array_end, .)
                0x9d000000                . = ALIGN (0x4)

.ctors          0x9d000000        0x0
 *crtbegin.o(.ctors)
 *crtbegin?.o(.ctors)
 *(EXCLUDE_FILE(*crtend?.o *crtend.o) .ctors)
 *(SORT(.ctors.*))
 *(.ctors)
                0x9d000000                . = ALIGN (0x4)

.dtors          0x9d000000        0x0
 *crtbegin.o(.dtors)
 *crtbegin?.o(.dtors)
 *(EXCLUDE_FILE(*crtend?.o *crtend.o) .dtors)
 *(SORT(.dtors.*))
 *(.dtors)
                0x9d000000                . = ALIGN (0x4)

.rodata         0x9d000000        0x0
 *(.gnu.linkonce.r.*)
 *(.rodata1)
                0x9d000000                . = ALIGN (0x4)

.sdata2         0x9fc00490        0x0
 *(.sdata2 .sdata2.* .gnu.linkonce.s2.*)
                0x9fc00490                . = ALIGN (0x4)

.sbss2          0x9fc00490        0x0
 *(.sbss2 .sbss2.* .gnu.linkonce.sb2.*)
                0x9fc00490                . = ALIGN (0x4)

.eh_frame_hdr
 *(.eh_frame_hdr)
                0x9fc00490                . = ALIGN (0x4)

.eh_frame
 *(.eh_frame)
                0x9fc00490                . = ALIGN (0x4)

.gcc_except_table
 *(.gcc_except_table .gcc_except_table.*)
                0x9fc00490                . = ALIGN (0x4)

.dbg_data       0xa0000000        0x0
                0xa0000000                . = (. + DEFINED (_DEBUGGER)?0x200:0x0)

.jcr            0xa0000000        0x0
 *(.jcr)
                0xa0000000                . = ALIGN (0x4)

.eh_frame
 *(.eh_frame)
                0xa0000000                . = ALIGN (0x4)

.gcc_except_table
 *(.gcc_except_table .gcc_except_table.*)
                0xa0000000                . = ALIGN (0x4)

.persist        0xa0000000        0x0
                0xa0000000                _persist_begin = .
 *(.persist .persist.*)
 *(.pbss .pbss.*)
                0xa0000000                . = ALIGN (0x4)
                0xa0000000                _persist_end = .

.data           0xa0000000        0x0
 *(.gnu.linkonce.d.*)
 *(.data1)
                0xa0000000                . = ALIGN (0x4)
                0xa0000000                . = .
                0xa0007ff0                _gp = (ALIGN (0x10) + 0x7ff0)

.got            0xa0000000        0x0
 *(.got.plt)
 *(.got)
                0xa0000000                . = ALIGN (0x4)

.sdata          0xa0000000       0x14
                0xa0000000                _sdata_begin = .
 *(.sdata .sdata.* .gnu.linkonce.s.*)
 .sdata.quadratic_AN1.quadratic_AN1
                0xa0000000        0x4 build/PIC32MX130F064B_RFM95W/production/user.o
                0xa0000000                quadratic_AN1
 .sdata.slope_AN1.slope_AN1
                0xa0000004        0x4 build/PIC32MX130F064B_RFM95W/production/user.o
                0xa0000004                slope_AN1
 .sdata.eraseEEPROMmsg.eraseEEPROMmsg
                0xa0000008        0x8 build/PIC32MX130F064B_RFM95W/production/PM_MCP39F511.o
                0xa0000008                eraseEEPROMmsg
 .sdata         0xa0000010        0x4 c:/program files (x86)/microchip/xc32/v1.40/bin/bin/../../lib/gcc/pic32mx/4.8.3/../../../../pic32mx/lib/size/mips16\libpic32.a(xc32_uart.o)
                0xa0000010                __XC_UART
                0xa0000014                . = ALIGN (0x4)
                0xa0000014                _sdata_end = .

.lit8
 *(.lit8)

.lit4
 *(.lit4)
                0xa0000014                . = ALIGN (0x4)
                0xa0000014                _data_end = .
                0xa0000014                _bss_begin = .

.sbss           0xa0000014       0xd8
                0xa0000014                _sbss_begin = .
 *(.dynsbss)
 *(.sbss .sbss.* .gnu.linkonce.sb.*)
 .sbss.cnt100ms.cnt100ms
                0xa0000014        0x1 build/PIC32MX130F064B_RFM95W/production/interrupts.o
                0xa0000014                cnt100ms
 .sbss.cnt200ms.cnt200ms
                0xa0000015        0x1 build/PIC32MX130F064B_RFM95W/production/interrupts.o
                0xa0000015                cnt200ms
 .sbss.cnt60s.cnt60s
                0xa0000016        0x1 build/PIC32MX130F064B_RFM95W/production/interrupts.o
                0xa0000016                cnt60s
 *fill*         0xa0000017        0x1 
 .sbss.cnt3600s.cnt3600s
                0xa0000018        0x2 build/PIC32MX130F064B_RFM95W/production/interrupts.o
                0xa0000018                cnt3600s
 .sbss.cntTempComp.cntTempComp
                0xa000001a        0x2 build/PIC32MX130F064B_RFM95W/production/interrupts.o
                0xa000001a                cntTempComp
 .sbss.cntPwr.cntPwr
                0xa000001c        0x2 build/PIC32MX130F064B_RFM95W/production/interrupts.o
                0xa000001c                cntPwr
 .sbss.cntDim.cntDim
                0xa000001e        0x1 build/PIC32MX130F064B_RFM95W/production/interrupts.o
                0xa000001e                cntDim
 .sbss.cnt0X.cnt0X
                0xa000001f        0x1 build/PIC32MX130F064B_RFM95W/production/interrupts.o
                0xa000001f                cnt0X
 .sbss.flowAct.flowAct
                0xa0000020        0x4 build/PIC32MX130F064B_RFM95W/production/user.o
                0xa0000020                flowAct
 .sbss.flowAvg.flowAvg
                0xa0000024        0x4 build/PIC32MX130F064B_RFM95W/production/user.o
                0xa0000024                flowAvg
 .sbss.flowSum.flowSum
                0xa0000028        0x4 build/PIC32MX130F064B_RFM95W/production/user.o
                0xa0000028                flowSum
 .sbss.avgCnt.avgCnt
                0xa000002c        0x4 build/PIC32MX130F064B_RFM95W/production/user.o
                0xa000002c                avgCnt
 .sbss.intercept_AN1.intercept_AN1
                0xa0000030        0x4 build/PIC32MX130F064B_RFM95W/production/user.o
                0xa0000030                intercept_AN1
 .sbss._excep_code._excep_code
                0xa0000034        0x4 build/PIC32MX130F064B_RFM95W/production/exceptions.o
 .sbss._epc_code._epc_code
                0xa0000038        0x4 build/PIC32MX130F064B_RFM95W/production/exceptions.o
 .sbss._excep_addr._excep_addr
                0xa000003c        0x4 build/PIC32MX130F064B_RFM95W/production/exceptions.o
 *(.scommon)
 .scommon       0xa0000040        0x8 build/PIC32MX130F064B_RFM95W/production/interrupts.o
                0xa0000040                b
                0xa0000041                n
                0xa0000042                jigFlag
                0xa0000043                k
                0xa0000044                daliCmdPt
 .scommon       0xa0000048        0x0 build/PIC32MX130F064B_RFM95W/production/main.o
 .scommon       0xa0000048       0x76 build/PIC32MX130F064B_RFM95W/production/user.o
                0xa0000048                analog_2
                0xa000004c                msgBuffPt
                0xa0000050                i3
                0xa0000054                pwrLFcalPt
                0xa0000058                p2
                0xa000005c                dtFactInt
                0xa0000060                v1
                0xa0000064                i2
                0xa0000068                volume
                0xa000006c                temp
                0xa0000070                v3
                0xa0000074                auxLen
                0xa0000078                p1
                0xa000007c                analog_4
                0xa0000080                profPt
                0xa0000084                fp2
                0xa0000088                astroPt
                0xa000008c                kwhSum
                0xa0000090                sysPt
                0xa0000094                analog_1
                0xa0000098                crcRx
                0xa000009c                msgID_len
                0xa00000a0                v2
                0xa00000a4                fpAux
                0xa00000a8                fp3
                0xa00000aa                analog_3
                0xa00000ac                p3
                0xa00000b0                pwrPt
                0xa00000b4                i1
                0xa00000b8                alrPt
                0xa00000bc                fp1
 *fill*         0xa00000be        0x2 
 .scommon       0xa00000c0        0x4 build/PIC32MX130F064B_RFM95W/production/UART.o
                0xa00000c0                uartPt
 .scommon       0xa00000c4        0x4 build/PIC32MX130F064B_RFM95W/production/RTC_MCP7952X.o
                0xa00000c4                rtcPt
 .scommon       0xa00000c8        0x4 build/PIC32MX130F064B_RFM95W/production/RF_RFM22B.o
                0xa00000c8                rfPt
 .scommon       0xa00000cc        0x4 build/PIC32MX130F064B_RFM95W/production/adc.o
                0xa00000cc                adcPt
 .scommon       0xa00000d0        0xc build/PIC32MX130F064B_RFM95W/production/MEMS_LIS331DL.o
                0xa00000d0                mems
                0xa00000d8                memsPt
 .scommon       0xa00000dc        0xc build/PIC32MX130F064B_RFM95W/production/DALI.o
                0xa00000dc                dali
                0xa00000e4                daliPt
 .scommon       0xa00000e8        0x0 build/PIC32MX130F064B_RFM95W/production/RF_RFM69HCW.o
 .scommon       0xa00000e8        0x4 build/PIC32MX130F064B_RFM95W/production/PM_MCP39F511.o
                0xa00000e8                pmPt
 .scommon       0xa00000ec        0x0 build/PIC32MX130F064B_RFM95W/production/RF_RFM95W.o
                0xa00000ec                _sbss_end = .
                0xa00000ec                . = ALIGN (0x4)

.bss            0xa00000ec      0x720
 *(.dynbss)
 *(COMMON)
 COMMON         0xa00000ec      0x320 build/PIC32MX130F064B_RFM95W/production/user.o
                0xa00000ec                pwr
                0xa0000168                sys
                0xa00001f0                alr
                0xa000022c                session_key
                0xa000038c                msgBuff
                0xa000039c                astro
                0xa00003a8                pwrLFcal
                0xa00003b4                prof
                0xa00003dc                buffMsg
 COMMON         0xa000040c      0x206 build/PIC32MX130F064B_RFM95W/production/UART.o
                0xa000040c                uart
 *fill*         0xa0000612        0x2 
 COMMON         0xa0000614       0x14 build/PIC32MX130F064B_RFM95W/production/RTC_MCP7952X.o
                0xa0000614                rtc
 COMMON         0xa0000628       0x7c build/PIC32MX130F064B_RFM95W/production/RF_RFM22B.o
                0xa0000628                rf
 COMMON         0xa00006a4       0x82 build/PIC32MX130F064B_RFM95W/production/adc.o
                0xa00006a4                adc
 *fill*         0xa0000726        0x2 
 COMMON         0xa0000728       0x64 build/PIC32MX130F064B_RFM95W/production/PM_MCP39F511.o
                0xa0000728                pm
 COMMON         0xa000078c       0x80 build/PIC32MX130F064B_RFM95W/production/RF_RFM95W.o
                0xa000078c                tmpBuff
                0xa000080c                . = ALIGN ((. != 0x0)?0x4:0x1)
                0xa000080c                . = ALIGN (0x4)
                0xa000080c                _end = .
                0xa000080c                _bss_end = .
                0x00004000                _bmxdudba_address = 0x4000
                0x00004000                _bmxdupba_address = 0x4000

/DISCARD/
 *(.pdr)
 *(.rel.dyn)
 *(.note.GNU-stack)
 *(.note.GNU-stack)
 *(.gnu_debuglink)
 *(.gnu.lto_*)
 *(.discard)

.gptab.sdata
 *(.gptab.data)
 *(.gptab.sdata)

.gptab.sbss
 *(.gptab.bss)
 *(.gptab.sbss)

.mdebug.abi32   0xa000080c        0x0
 *(.mdebug.abi32)
 .mdebug.abi32  0xa000080c        0x0 build/PIC32MX130F064B_RFM95W/production/configuration_bits.o
 .mdebug.abi32  0xa000080c        0x0 build/PIC32MX130F064B_RFM95W/production/interrupts.o
 .mdebug.abi32  0xa000080c        0x0 build/PIC32MX130F064B_RFM95W/production/main.o
 .mdebug.abi32  0xa000080c        0x0 build/PIC32MX130F064B_RFM95W/production/system.o
 .mdebug.abi32  0xa000080c        0x0 build/PIC32MX130F064B_RFM95W/production/user.o
 .mdebug.abi32  0xa000080c        0x0 build/PIC32MX130F064B_RFM95W/production/UART.o
 .mdebug.abi32  0xa000080c        0x0 build/PIC32MX130F064B_RFM95W/production/delay.o
 .mdebug.abi32  0xa000080c        0x0 build/PIC32MX130F064B_RFM95W/production/Timers.o
 .mdebug.abi32  0xa000080c        0x0 build/PIC32MX130F064B_RFM95W/production/SPI.o
 .mdebug.abi32  0xa000080c        0x0 build/PIC32MX130F064B_RFM95W/production/RTC_MCP7952X.o
 .mdebug.abi32  0xa000080c        0x0 build/PIC32MX130F064B_RFM95W/production/PWM.o
 .mdebug.abi32  0xa000080c        0x0 build/PIC32MX130F064B_RFM95W/production/RF_RFM22B.o
 .mdebug.abi32  0xa000080c        0x0 build/PIC32MX130F064B_RFM95W/production/adc.o
 .mdebug.abi32  0xa000080c        0x0 build/PIC32MX130F064B_RFM95W/production/exceptions.o
 .mdebug.abi32  0xa000080c        0x0 build/PIC32MX130F064B_RFM95W/production/MEMS_LIS331DL.o
 .mdebug.abi32  0xa000080c        0x0 build/PIC32MX130F064B_RFM95W/production/DALI.o
 .mdebug.abi32  0xa000080c        0x0 build/PIC32MX130F064B_RFM95W/production/AES/AES_ECB_PIC32.o
 .mdebug.abi32  0xa000080c        0x0 build/PIC32MX130F064B_RFM95W/production/RF_RFM69HCW.o
 .mdebug.abi32  0xa000080c        0x0 build/PIC32MX130F064B_RFM95W/production/PM_MCP39F511.o
 .mdebug.abi32  0xa000080c        0x0 build/PIC32MX130F064B_RFM95W/production/RF_RFM95W.o
 .mdebug.abi32  0xa000080c        0x0 c:/program files (x86)/microchip/xc32/v1.40/bin/bin/../../lib/gcc/pic32mx/4.8.3/../../../../pic32mx/lib/size/mips16\libmchp_peripheral.a(open_core_timer_lib.o)
 .mdebug.abi32  0xa000080c        0x0 c:/program files (x86)/microchip/xc32/v1.40/bin/bin/../../lib/gcc/pic32mx/4.8.3/../../../../pic32mx/lib/size/mips16\libmchp_peripheral.a(update_core_timer_lib.o)
 .mdebug.abi32  0xa000080c        0x0 c:/program files (x86)/microchip/xc32/v1.40/bin/bin/../../lib/gcc/pic32mx/4.8.3/../../../../pic32mx/lib/size/mips16\libmchp_peripheral_32MX130F256B.a(soft_reset_lib.o)
 .mdebug.abi32  0xa000080c        0x0 c:/program files (x86)/microchip/xc32/v1.40/bin/bin/../../lib/gcc/pic32mx/4.8.3/../../../../pic32mx/lib/size/mips16\libmchp_peripheral_32MX130F256B.a(int_configure_system_lib.o)
 .mdebug.abi32  0xa000080c        0x0 c:/program files (x86)/microchip/xc32/v1.40/bin/bin/../../lib/gcc/pic32mx/4.8.3/../../../../pic32mx/lib/size/mips16\libmchp_peripheral_32MX130F256B.a(int_enable_interrupts_lib.o)
 .mdebug.abi32  0xa000080c        0x0 c:/program files (x86)/microchip/xc32/v1.40/bin/bin/../../lib/gcc/pic32mx/4.8.3/../../../../pic32mx/lib/size/mips16\libmchp_peripheral_32MX130F256B.a(int_disable_interrupts_lib.o)
 .mdebug.abi32  0xa000080c        0x0 c:/program files (x86)/microchip/xc32/v1.40/bin/bin/../../lib/gcc/pic32mx/4.8.3/../../../../pic32mx/lib/size/mips16\libmchp_peripheral_32MX130F256B.a(int_restore_interrupts_lib.o)
 .mdebug.abi32  0xa000080c        0x0 c:/program files (x86)/microchip/xc32/v1.40/bin/bin/../../lib/gcc/pic32mx/4.8.3/../../../../pic32mx/lib/size/mips16\libmchp_peripheral_32MX130F256B.a(int_tbl_lib.o)
 .mdebug.abi32  0xa000080c        0x0 c:/program files (x86)/microchip/xc32/v1.40/bin/bin/../../lib/gcc/pic32mx/4.8.3/../../../../pic32mx/lib/size/mips16\libmchp_peripheral_32MX130F256B.a(spi_chn_open_lib.o)
 .mdebug.abi32  0xa000080c        0x0 c:/program files (x86)/microchip/xc32/v1.40/bin/bin/../../lib/gcc/pic32mx/4.8.3/../../../../pic32mx/lib/size/mips16\libmchp_peripheral_32MX130F256B.a(spi_map_tbl_libp.o)
 .mdebug.abi32  0xa000080c        0x0 c:/program files (x86)/microchip/xc32/v1.40/bin/bin/../../lib/gcc/pic32mx/4.8.3/../../../../pic32mx/lib/size/mips16\libmchp_peripheral_32MX130F256B.a(nvm_write_word_lib.o)
 .mdebug.abi32  0xa000080c        0x0 c:/program files (x86)/microchip/xc32/v1.40/bin/bin/../../lib/gcc/pic32mx/4.8.3/../../../../pic32mx/lib/size/mips16\libmchp_peripheral_32MX130F256B.a(uart_lib.o)
 .mdebug.abi32  0xa000080c        0x0 c:/program files (x86)/microchip/xc32/v1.40/bin/bin/../../lib/gcc/pic32mx/4.8.3/../../../../pic32mx/lib/size/mips16\libmchp_peripheral_32MX130F256B.a(nvm_operation_lib.o)
 .mdebug.abi32  0xa000080c        0x0 c:/program files (x86)/microchip/xc32/v1.40/bin/bin/../../lib/gcc/pic32mx/4.8.3/size/mips16\libgcc.a(floatunsisf.o)
 .mdebug.abi32  0xa000080c        0x0 c:/program files (x86)/microchip/xc32/v1.40/bin/bin/../../lib/gcc/pic32mx/4.8.3/../../../../pic32mx/lib/size/mips16\libpic32.a(default-bootstrap-exception-handler.o)
 .mdebug.abi32  0xa000080c        0x0 c:/program files (x86)/microchip/xc32/v1.40/bin/bin/../../lib/gcc/pic32mx/4.8.3/../../../../pic32mx/lib/size/mips16\libpic32.a(default-on-reset.o)
 .mdebug.abi32  0xa000080c        0x0 c:/program files (x86)/microchip/xc32/v1.40/bin/bin/../../lib/gcc/pic32mx/4.8.3/../../../../pic32mx/lib/size/mips16\libpic32.a(default-on-bootstrap.o)
 .mdebug.abi32  0xa000080c        0x0 c:/program files (x86)/microchip/xc32/v1.40/bin/bin/../../lib/gcc/pic32mx/4.8.3/../../../../pic32mx/lib/size/mips16\libpic32.a(defaultinterrupt.o)
 .mdebug.abi32  0xa000080c        0x0 c:/program files (x86)/microchip/xc32/v1.40/bin/bin/../../lib/gcc/pic32mx/4.8.3/../../../../pic32mx/lib/size/mips16\libm.a(w_sqrtf.o)
 .mdebug.abi32  0xa000080c        0x0 c:/program files (x86)/microchip/xc32/v1.40/bin/bin/../../lib/gcc/pic32mx/4.8.3/../../../../pic32mx/lib/size/mips16\libm.a(s_lib_ver.o)
 .mdebug.abi32  0xa000080c        0x0 c:/program files (x86)/microchip/xc32/v1.40/bin/bin/../../lib/gcc/pic32mx/4.8.3/../../../../pic32mx/lib/size/mips16\libc.a(atoi.o)
 .mdebug.abi32  0xa000080c        0x0 c:/program files (x86)/microchip/xc32/v1.40/bin/bin/../../lib/gcc/pic32mx/4.8.3/../../../../pic32mx/lib/size/mips16\libc.a(ctype.o)
 .mdebug.abi32  0xa000080c        0x0 c:/program files (x86)/microchip/xc32/v1.40/bin/bin/../../lib/gcc/pic32mx/4.8.3/../../../../pic32mx/lib/size/mips16\libc.a(errno.o)
 .mdebug.abi32  0xa000080c        0x0 c:/program files (x86)/microchip/xc32/v1.40/bin/bin/../../lib/gcc/pic32mx/4.8.3/../../../../pic32mx/lib/size/mips16\libc.a(rand.o)
 .mdebug.abi32  0xa000080c        0x0 c:/program files (x86)/microchip/xc32/v1.40/bin/bin/../../lib/gcc/pic32mx/4.8.3/../../../../pic32mx/lib/size/mips16\libc.a(atof.o)
 .mdebug.abi32  0xa000080c        0x0 c:/program files (x86)/microchip/xc32/v1.40/bin/bin/../../lib/gcc/pic32mx/4.8.3/../../../../pic32mx/lib/size/mips16\libc.a(sprintf_cdfFnopuxX.eo)
 .mdebug.abi32  0xa000080c        0x0 c:/program files (x86)/microchip/xc32/v1.40/bin/bin/../../lib/gcc/pic32mx/4.8.3/../../../../pic32mx/lib/size/mips16\libc.a(strtof.o)
 .mdebug.abi32  0xa000080c        0x0 c:/program files (x86)/microchip/xc32/v1.40/bin/bin/../../lib/gcc/pic32mx/4.8.3/../../../../pic32mx/lib/size/mips16\libc.a(doprnt_cdfFnopuxX.eo)
 .mdebug.abi32  0xa000080c        0x0 c:/program files (x86)/microchip/xc32/v1.40/bin/bin/../../lib/gcc/pic32mx/4.8.3/../../../../pic32mx/lib/size/mips16\libc.a(_fputc_simple.o)
 .mdebug.abi32  0xa000080c        0x0 c:/program files (x86)/microchip/xc32/v1.40/bin/bin/../../lib/gcc/pic32mx/4.8.3/../../../../pic32mx/lib/size/mips16\libc.a(powersf.o)
 .mdebug.abi32  0xa000080c        0x0 c:/program files (x86)/microchip/xc32/v1.40/bin/bin/../../lib/gcc/pic32mx/4.8.3/../../../../pic32mx/lib/size/mips16\libc.a(_iob.o)
 .mdebug.abi32  0xa000080c        0x0 c:/program files (x86)/microchip/xc32/v1.40/bin/bin/../../lib/gcc/pic32mx/4.8.3/../../../../pic32mx/lib/size/mips16\libc.a(_flsbuf_simple.o)
 .mdebug.abi32  0xa000080c        0x0 c:/program files (x86)/microchip/xc32/v1.40/bin/bin/../../lib/gcc/pic32mx/4.8.3/../../../../pic32mx/lib/size/mips16\libpic32.a(write.o)
 .mdebug.abi32  0xa000080c        0x0 c:/program files (x86)/microchip/xc32/v1.40/bin/bin/../../lib/gcc/pic32mx/4.8.3/../../../../pic32mx/lib/size/mips16\libpic32.a(_mon_putc.o)
 .mdebug.abi32  0xa000080c        0x0 c:/program files (x86)/microchip/xc32/v1.40/bin/bin/../../lib/gcc/pic32mx/4.8.3/../../../../pic32mx/lib/size/mips16\libpic32.a(xc32_uart.o)
 .mdebug.abi32  0xa000080c        0x0 c:/program files (x86)/microchip/xc32/v1.40/bin/bin/../../lib/gcc/pic32mx/4.8.3/../../../../pic32mx/lib/size/mips16\libm.a(__strtof.o)
 .mdebug.abi32  0xa000080c        0x0 c:/program files (x86)/microchip/xc32/v1.40/bin/bin/../../lib/gcc/pic32mx/4.8.3/../../../../pic32mx/lib/size/mips16\libe.a(_floatdisf.o)
 .mdebug.abi32  0xa000080c        0x0 c:/program files (x86)/microchip/xc32/v1.40/bin/bin/../../lib/gcc/pic32mx/4.8.3/../../../../pic32mx/lib/size/mips16\libe.a(_ldexpf.o)
 .mdebug.abi32  0xa000080c        0x0 c:/program files (x86)/microchip/xc32/v1.40/bin/bin/../../lib/gcc/pic32mx/4.8.3/size/mips16\libgcc.a(_lshrdi3.o)
 .mdebug.abi32  0xa000080c        0x0 c:/program files (x86)/microchip/xc32/v1.40/bin/bin/../../lib/gcc/pic32mx/4.8.3/size/mips16\libgcc.a(_udivdi3.o)
 .mdebug.abi32  0xa000080c        0x0 c:/program files (x86)/microchip/xc32/v1.40/bin/bin/../../lib/gcc/pic32mx/4.8.3/size/mips16\libgcc.a(_umoddi3.o)
 .mdebug.abi32  0xa000080c        0x0 c:/program files (x86)/microchip/xc32/v1.40/bin/bin/../../lib/gcc/pic32mx/4.8.3/size/mips16\libgcc.a(_clz.o)

.mdebug.abiN32
 *(.mdebug.abiN32)

.mdebug.abi64
 *(.mdebug.abi64)

.mdebug.abiO64
 *(.mdebug.abiO64)

.mdebug.eabi32
 *(.mdebug.eabi32)

.mdebug.eabi64
 *(.mdebug.eabi64)

.gcc_compiled_long32
 *(.gcc_compiled_long32)

.gcc_compiled_long64
 *(.gcc_compiled_long64)

.stab
 *(.stab)

.stabstr
 *(.stabstr)

.stab.excl
 *(.stab.excl)

.stab.exclstr
 *(.stab.exclstr)

.stab.index
 *(.stab.index)

.stab.indexstr
 *(.stab.indexstr)

.comment        0x00000000      0x1f7
 *(.comment)
 .comment       0x00000000       0x3c build/PIC32MX130F064B_RFM95W/production/configuration_bits.o
                                 0x3d (size before relaxing)
 .comment       0x00000000       0x3d build/PIC32MX130F064B_RFM95W/production/interrupts.o
 .comment       0x00000000       0x3d build/PIC32MX130F064B_RFM95W/production/main.o
 .comment       0x00000000       0x3d build/PIC32MX130F064B_RFM95W/production/system.o
 .comment       0x00000000       0x3d build/PIC32MX130F064B_RFM95W/production/user.o
 .comment       0x00000000       0x3d build/PIC32MX130F064B_RFM95W/production/UART.o
 .comment       0x00000000       0x3d build/PIC32MX130F064B_RFM95W/production/delay.o
 .comment       0x00000000       0x3d build/PIC32MX130F064B_RFM95W/production/Timers.o
 .comment       0x00000000       0x3d build/PIC32MX130F064B_RFM95W/production/SPI.o
 .comment       0x00000000       0x3d build/PIC32MX130F064B_RFM95W/production/RTC_MCP7952X.o
 .comment       0x00000000       0x3d build/PIC32MX130F064B_RFM95W/production/PWM.o
 .comment       0x00000000       0x3d build/PIC32MX130F064B_RFM95W/production/RF_RFM22B.o
 .comment       0x00000000       0x3d build/PIC32MX130F064B_RFM95W/production/adc.o
 .comment       0x00000000       0x3d build/PIC32MX130F064B_RFM95W/production/exceptions.o
 .comment       0x00000000       0x3d build/PIC32MX130F064B_RFM95W/production/MEMS_LIS331DL.o
 .comment       0x00000000       0x3d build/PIC32MX130F064B_RFM95W/production/DALI.o
 .comment       0x00000000       0x3d build/PIC32MX130F064B_RFM95W/production/AES/AES_ECB_PIC32.o
 .comment       0x00000000       0x3d build/PIC32MX130F064B_RFM95W/production/RF_RFM69HCW.o
 .comment       0x00000000       0x3d build/PIC32MX130F064B_RFM95W/production/PM_MCP39F511.o
 .comment       0x00000000       0x3d build/PIC32MX130F064B_RFM95W/production/RF_RFM95W.o
 .comment       0x00000000       0x3d c:/program files (x86)/microchip/xc32/v1.40/bin/bin/../../lib/gcc/pic32mx/4.8.3/../../../../pic32mx/lib/size/mips16\libmchp_peripheral.a(open_core_timer_lib.o)
 .comment       0x00000000       0x3d c:/program files (x86)/microchip/xc32/v1.40/bin/bin/../../lib/gcc/pic32mx/4.8.3/../../../../pic32mx/lib/size/mips16\libmchp_peripheral.a(update_core_timer_lib.o)
 .comment       0x00000000       0x3d c:/program files (x86)/microchip/xc32/v1.40/bin/bin/../../lib/gcc/pic32mx/4.8.3/../../../../pic32mx/lib/size/mips16\libmchp_peripheral_32MX130F256B.a(soft_reset_lib.o)
 .comment       0x00000000       0x3d c:/program files (x86)/microchip/xc32/v1.40/bin/bin/../../lib/gcc/pic32mx/4.8.3/../../../../pic32mx/lib/size/mips16\libmchp_peripheral_32MX130F256B.a(int_configure_system_lib.o)
 .comment       0x00000000       0x3d c:/program files (x86)/microchip/xc32/v1.40/bin/bin/../../lib/gcc/pic32mx/4.8.3/../../../../pic32mx/lib/size/mips16\libmchp_peripheral_32MX130F256B.a(int_enable_interrupts_lib.o)
 .comment       0x00000000       0x3d c:/program files (x86)/microchip/xc32/v1.40/bin/bin/../../lib/gcc/pic32mx/4.8.3/../../../../pic32mx/lib/size/mips16\libmchp_peripheral_32MX130F256B.a(int_disable_interrupts_lib.o)
 .comment       0x00000000       0x3d c:/program files (x86)/microchip/xc32/v1.40/bin/bin/../../lib/gcc/pic32mx/4.8.3/../../../../pic32mx/lib/size/mips16\libmchp_peripheral_32MX130F256B.a(int_restore_interrupts_lib.o)
 .comment       0x00000000       0x3d c:/program files (x86)/microchip/xc32/v1.40/bin/bin/../../lib/gcc/pic32mx/4.8.3/../../../../pic32mx/lib/size/mips16\libmchp_peripheral_32MX130F256B.a(int_tbl_lib.o)
 .comment       0x00000000       0x3d c:/program files (x86)/microchip/xc32/v1.40/bin/bin/../../lib/gcc/pic32mx/4.8.3/../../../../pic32mx/lib/size/mips16\libmchp_peripheral_32MX130F256B.a(spi_chn_open_lib.o)
 .comment       0x00000000       0x3d c:/program files (x86)/microchip/xc32/v1.40/bin/bin/../../lib/gcc/pic32mx/4.8.3/../../../../pic32mx/lib/size/mips16\libmchp_peripheral_32MX130F256B.a(spi_map_tbl_libp.o)
 .comment       0x00000000       0x3d c:/program files (x86)/microchip/xc32/v1.40/bin/bin/../../lib/gcc/pic32mx/4.8.3/../../../../pic32mx/lib/size/mips16\libmchp_peripheral_32MX130F256B.a(nvm_write_word_lib.o)
 .comment       0x00000000       0x3d c:/program files (x86)/microchip/xc32/v1.40/bin/bin/../../lib/gcc/pic32mx/4.8.3/../../../../pic32mx/lib/size/mips16\libmchp_peripheral_32MX130F256B.a(uart_lib.o)
 .comment       0x00000000       0x3d c:/program files (x86)/microchip/xc32/v1.40/bin/bin/../../lib/gcc/pic32mx/4.8.3/../../../../pic32mx/lib/size/mips16\libmchp_peripheral_32MX130F256B.a(nvm_operation_lib.o)
 .comment       0x00000000       0x3d c:/program files (x86)/microchip/xc32/v1.40/bin/bin/../../lib/gcc/pic32mx/4.8.3/size/mips16\libgcc.a(floatunsisf.o)
 .comment       0x0000003c       0x18 c:/program files (x86)/microchip/xc32/v1.40/bin/bin/../../lib/gcc/pic32mx/4.8.3/../../../../pic32mx/lib/size/mips16\libpic32.a(memcmp.o)
                                 0x19 (size before relaxing)
 .comment       0x00000054       0x18 c:/program files (x86)/microchip/xc32/v1.40/bin/bin/../../lib/gcc/pic32mx/4.8.3/../../../../pic32mx/lib/size/mips16\libpic32.a(memset.o)
                                 0x19 (size before relaxing)
 .comment       0x00000000       0x3d c:/program files (x86)/microchip/xc32/v1.40/bin/bin/../../lib/gcc/pic32mx/4.8.3/../../../../pic32mx/lib/size/mips16\libpic32.a(default-bootstrap-exception-handler.o)
 .comment       0x00000000       0x3d c:/program files (x86)/microchip/xc32/v1.40/bin/bin/../../lib/gcc/pic32mx/4.8.3/../../../../pic32mx/lib/size/mips16\libpic32.a(default-on-reset.o)
 .comment       0x00000000       0x3d c:/program files (x86)/microchip/xc32/v1.40/bin/bin/../../lib/gcc/pic32mx/4.8.3/../../../../pic32mx/lib/size/mips16\libpic32.a(default-on-bootstrap.o)
 .comment       0x00000000       0x3d c:/program files (x86)/microchip/xc32/v1.40/bin/bin/../../lib/gcc/pic32mx/4.8.3/../../../../pic32mx/lib/size/mips16\libpic32.a(defaultinterrupt.o)
 .comment       0x00000000       0x3d c:/program files (x86)/microchip/xc32/v1.40/bin/bin/../../lib/gcc/pic32mx/4.8.3/../../../../pic32mx/lib/size/mips16\libm.a(w_sqrtf.o)
 .comment       0x00000000       0x3d c:/program files (x86)/microchip/xc32/v1.40/bin/bin/../../lib/gcc/pic32mx/4.8.3/../../../../pic32mx/lib/size/mips16\libm.a(s_lib_ver.o)
 .comment       0x00000000       0x3d c:/program files (x86)/microchip/xc32/v1.40/bin/bin/../../lib/gcc/pic32mx/4.8.3/../../../../pic32mx/lib/size/mips16\libc.a(atoi.o)
 .comment       0x0000006c       0x4e c:/program files (x86)/microchip/xc32/v1.40/bin/bin/../../lib/gcc/pic32mx/4.8.3/../../../../pic32mx/lib/size/mips16\libc.a(ctype.o)
                                 0x8b (size before relaxing)
 .comment       0x00000000       0x3d c:/program files (x86)/microchip/xc32/v1.40/bin/bin/../../lib/gcc/pic32mx/4.8.3/../../../../pic32mx/lib/size/mips16\libc.a(errno.o)
 .comment       0x00000000       0x3d c:/program files (x86)/microchip/xc32/v1.40/bin/bin/../../lib/gcc/pic32mx/4.8.3/../../../../pic32mx/lib/size/mips16\libc.a(rand.o)
 .comment       0x00000000       0x3d c:/program files (x86)/microchip/xc32/v1.40/bin/bin/../../lib/gcc/pic32mx/4.8.3/../../../../pic32mx/lib/size/mips16\libc.a(atof.o)
 .comment       0x00000000       0x3d c:/program files (x86)/microchip/xc32/v1.40/bin/bin/../../lib/gcc/pic32mx/4.8.3/../../../../pic32mx/lib/size/mips16\libc.a(sprintf_cdfFnopuxX.eo)
 .comment       0x00000000       0x3d c:/program files (x86)/microchip/xc32/v1.40/bin/bin/../../lib/gcc/pic32mx/4.8.3/../../../../pic32mx/lib/size/mips16\libc.a(strtof.o)
 .comment       0x00000000       0x3d c:/program files (x86)/microchip/xc32/v1.40/bin/bin/../../lib/gcc/pic32mx/4.8.3/../../../../pic32mx/lib/size/mips16\libc.a(doprnt_cdfFnopuxX.eo)
 .comment       0x00000000       0x3d c:/program files (x86)/microchip/xc32/v1.40/bin/bin/../../lib/gcc/pic32mx/4.8.3/../../../../pic32mx/lib/size/mips16\libc.a(_fputc_simple.o)
 .comment       0x00000000       0x3d c:/program files (x86)/microchip/xc32/v1.40/bin/bin/../../lib/gcc/pic32mx/4.8.3/../../../../pic32mx/lib/size/mips16\libc.a(powersf.o)
 .comment       0x00000000       0x3d c:/program files (x86)/microchip/xc32/v1.40/bin/bin/../../lib/gcc/pic32mx/4.8.3/../../../../pic32mx/lib/size/mips16\libc.a(_iob.o)
 .comment       0x00000000       0x3d c:/program files (x86)/microchip/xc32/v1.40/bin/bin/../../lib/gcc/pic32mx/4.8.3/../../../../pic32mx/lib/size/mips16\libc.a(_flsbuf_simple.o)
 .comment       0x00000000       0x3d c:/program files (x86)/microchip/xc32/v1.40/bin/bin/../../lib/gcc/pic32mx/4.8.3/../../../../pic32mx/lib/size/mips16\libpic32.a(write.o)
 .comment       0x00000000       0x3d c:/program files (x86)/microchip/xc32/v1.40/bin/bin/../../lib/gcc/pic32mx/4.8.3/../../../../pic32mx/lib/size/mips16\libpic32.a(_mon_putc.o)
 .comment       0x00000000       0x3d c:/program files (x86)/microchip/xc32/v1.40/bin/bin/../../lib/gcc/pic32mx/4.8.3/../../../../pic32mx/lib/size/mips16\libpic32.a(xc32_uart.o)
 .comment       0x000000ba       0x9d c:/program files (x86)/microchip/xc32/v1.40/bin/bin/../../lib/gcc/pic32mx/4.8.3/../../../../pic32mx/lib/size/mips16\libm.a(__strtof.o)
                                 0xda (size before relaxing)
 .comment       0x00000157       0x50 c:/program files (x86)/microchip/xc32/v1.40/bin/bin/../../lib/gcc/pic32mx/4.8.3/../../../../pic32mx/lib/size/mips16\libe.a(_floatdisf.o)
                                 0xdb (size before relaxing)
 .comment       0x000001a7       0x50 c:/program files (x86)/microchip/xc32/v1.40/bin/bin/../../lib/gcc/pic32mx/4.8.3/../../../../pic32mx/lib/size/mips16\libe.a(_ldexpf.o)
                                 0xdb (size before relaxing)
 .comment       0x00000000       0x3d c:/program files (x86)/microchip/xc32/v1.40/bin/bin/../../lib/gcc/pic32mx/4.8.3/size/mips16\libgcc.a(_lshrdi3.o)
 .comment       0x00000000       0x3d c:/program files (x86)/microchip/xc32/v1.40/bin/bin/../../lib/gcc/pic32mx/4.8.3/size/mips16\libgcc.a(_udivdi3.o)
 .comment       0x00000000       0x3d c:/program files (x86)/microchip/xc32/v1.40/bin/bin/../../lib/gcc/pic32mx/4.8.3/size/mips16\libgcc.a(_umoddi3.o)
 .comment       0x00000000       0x3d c:/program files (x86)/microchip/xc32/v1.40/bin/bin/../../lib/gcc/pic32mx/4.8.3/size/mips16\libgcc.a(_clz.o)

.debug
 *(.debug)

.line
 *(.line)

.debug_srcinfo
 *(.debug_srcinfo)

.debug_sfnames
 *(.debug_sfnames)

.debug_aranges  0x00000000      0xb70
 *(.debug_aranges)
 .debug_aranges
                0x00000000       0x18 build/PIC32MX130F064B_RFM95W/production/configuration_bits.o
 .debug_aranges
                0x00000018       0x48 build/PIC32MX130F064B_RFM95W/production/interrupts.o
 .debug_aranges
                0x00000060       0x20 build/PIC32MX130F064B_RFM95W/production/main.o
 .debug_aranges
                0x00000080       0x18 build/PIC32MX130F064B_RFM95W/production/system.o
 .debug_aranges
                0x00000098      0x170 build/PIC32MX130F064B_RFM95W/production/user.o
 .debug_aranges
                0x00000208       0x50 build/PIC32MX130F064B_RFM95W/production/UART.o
 .debug_aranges
                0x00000258       0x30 build/PIC32MX130F064B_RFM95W/production/delay.o
 .debug_aranges
                0x00000288       0x20 build/PIC32MX130F064B_RFM95W/production/Timers.o
 .debug_aranges
                0x000002a8       0x28 build/PIC32MX130F064B_RFM95W/production/SPI.o
 .debug_aranges
                0x000002d0       0x88 build/PIC32MX130F064B_RFM95W/production/RTC_MCP7952X.o
 .debug_aranges
                0x00000358       0x30 build/PIC32MX130F064B_RFM95W/production/PWM.o
 .debug_aranges
                0x00000388       0xa8 build/PIC32MX130F064B_RFM95W/production/RF_RFM22B.o
 .debug_aranges
                0x00000430       0x30 build/PIC32MX130F064B_RFM95W/production/adc.o
 .debug_aranges
                0x00000460       0x20 build/PIC32MX130F064B_RFM95W/production/exceptions.o
 .debug_aranges
                0x00000480       0x38 build/PIC32MX130F064B_RFM95W/production/MEMS_LIS331DL.o
 .debug_aranges
                0x000004b8       0x38 build/PIC32MX130F064B_RFM95W/production/DALI.o
 .debug_aranges
                0x000004f0       0x30 build/PIC32MX130F064B_RFM95W/production/AES/AES_ECB_PIC32.o
 .debug_aranges
                0x00000520       0xa0 build/PIC32MX130F064B_RFM95W/production/RF_RFM69HCW.o
 .debug_aranges
                0x000005c0       0x28 build/PIC32MX130F064B_RFM95W/production/PM_MCP39F511.o
 .debug_aranges
                0x000005e8       0xa0 build/PIC32MX130F064B_RFM95W/production/RF_RFM95W.o
 .debug_aranges
                0x00000688       0x20 c:/program files (x86)/microchip/xc32/v1.40/bin/bin/../../lib/gcc/pic32mx/4.8.3/../../../../pic32mx/lib/size/mips16\libmchp_peripheral.a(open_core_timer_lib.o)
 .debug_aranges
                0x000006a8       0x20 c:/program files (x86)/microchip/xc32/v1.40/bin/bin/../../lib/gcc/pic32mx/4.8.3/../../../../pic32mx/lib/size/mips16\libmchp_peripheral.a(update_core_timer_lib.o)
 .debug_aranges
                0x000006c8       0x20 c:/program files (x86)/microchip/xc32/v1.40/bin/bin/../../lib/gcc/pic32mx/4.8.3/../../../../pic32mx/lib/size/mips16\libmchp_peripheral_32MX130F256B.a(soft_reset_lib.o)
 .debug_aranges
                0x000006e8       0x20 c:/program files (x86)/microchip/xc32/v1.40/bin/bin/../../lib/gcc/pic32mx/4.8.3/../../../../pic32mx/lib/size/mips16\libmchp_peripheral_32MX130F256B.a(int_configure_system_lib.o)
 .debug_aranges
                0x00000708       0x20 c:/program files (x86)/microchip/xc32/v1.40/bin/bin/../../lib/gcc/pic32mx/4.8.3/../../../../pic32mx/lib/size/mips16\libmchp_peripheral_32MX130F256B.a(int_enable_interrupts_lib.o)
 .debug_aranges
                0x00000728       0x20 c:/program files (x86)/microchip/xc32/v1.40/bin/bin/../../lib/gcc/pic32mx/4.8.3/../../../../pic32mx/lib/size/mips16\libmchp_peripheral_32MX130F256B.a(int_disable_interrupts_lib.o)
 .debug_aranges
                0x00000748       0x20 c:/program files (x86)/microchip/xc32/v1.40/bin/bin/../../lib/gcc/pic32mx/4.8.3/../../../../pic32mx/lib/size/mips16\libmchp_peripheral_32MX130F256B.a(int_restore_interrupts_lib.o)
 .debug_aranges
                0x00000768       0x60 c:/program files (x86)/microchip/xc32/v1.40/bin/bin/../../lib/gcc/pic32mx/4.8.3/../../../../pic32mx/lib/size/mips16\libmchp_peripheral_32MX130F256B.a(int_tbl_lib.o)
 .debug_aranges
                0x000007c8       0x20 c:/program files (x86)/microchip/xc32/v1.40/bin/bin/../../lib/gcc/pic32mx/4.8.3/../../../../pic32mx/lib/size/mips16\libmchp_peripheral_32MX130F256B.a(spi_chn_open_lib.o)
 .debug_aranges
                0x000007e8       0x20 c:/program files (x86)/microchip/xc32/v1.40/bin/bin/../../lib/gcc/pic32mx/4.8.3/../../../../pic32mx/lib/size/mips16\libmchp_peripheral_32MX130F256B.a(nvm_write_word_lib.o)
 .debug_aranges
                0x00000808       0x58 c:/program files (x86)/microchip/xc32/v1.40/bin/bin/../../lib/gcc/pic32mx/4.8.3/../../../../pic32mx/lib/size/mips16\libmchp_peripheral_32MX130F256B.a(uart_lib.o)
 .debug_aranges
                0x00000860       0x20 c:/program files (x86)/microchip/xc32/v1.40/bin/bin/../../lib/gcc/pic32mx/4.8.3/../../../../pic32mx/lib/size/mips16\libmchp_peripheral_32MX130F256B.a(nvm_operation_lib.o)
 .debug_aranges
                0x00000880       0x20 c:/program files (x86)/microchip/xc32/v1.40/bin/bin/../../lib/gcc/pic32mx/4.8.3/size/mips16\libgcc.a(floatunsisf.o)
 .debug_aranges
                0x000008a0       0x20 c:/program files (x86)/microchip/xc32/v1.40/bin/bin/../../lib/gcc/pic32mx/4.8.3/../../../../pic32mx/lib/size/mips16\libpic32.a(default-bootstrap-exception-handler.o)
 .debug_aranges
                0x000008c0       0x20 c:/program files (x86)/microchip/xc32/v1.40/bin/bin/../../lib/gcc/pic32mx/4.8.3/../../../../pic32mx/lib/size/mips16\libpic32.a(default-on-reset.o)
 .debug_aranges
                0x000008e0       0x20 c:/program files (x86)/microchip/xc32/v1.40/bin/bin/../../lib/gcc/pic32mx/4.8.3/../../../../pic32mx/lib/size/mips16\libpic32.a(default-on-bootstrap.o)
 .debug_aranges
                0x00000900       0x20 c:/program files (x86)/microchip/xc32/v1.40/bin/bin/../../lib/gcc/pic32mx/4.8.3/../../../../pic32mx/lib/size/mips16\libpic32.a(defaultinterrupt.o)
 .debug_aranges
                0x00000920       0x20 c:/program files (x86)/microchip/xc32/v1.40/bin/bin/../../lib/gcc/pic32mx/4.8.3/../../../../pic32mx/lib/size/mips16\libm.a(w_sqrtf.o)
 .debug_aranges
                0x00000940       0x20 c:/program files (x86)/microchip/xc32/v1.40/bin/bin/../../lib/gcc/pic32mx/4.8.3/../../../../pic32mx/lib/size/mips16\libc.a(atoi.o)
 .debug_aranges
                0x00000960       0x28 c:/program files (x86)/microchip/xc32/v1.40/bin/bin/../../lib/gcc/pic32mx/4.8.3/../../../../pic32mx/lib/size/mips16\libc.a(rand.o)
 .debug_aranges
                0x00000988       0x20 c:/program files (x86)/microchip/xc32/v1.40/bin/bin/../../lib/gcc/pic32mx/4.8.3/../../../../pic32mx/lib/size/mips16\libc.a(atof.o)
 .debug_aranges
                0x000009a8       0x20 c:/program files (x86)/microchip/xc32/v1.40/bin/bin/../../lib/gcc/pic32mx/4.8.3/../../../../pic32mx/lib/size/mips16\libc.a(sprintf_cdfFnopuxX.eo)
 .debug_aranges
                0x000009c8       0x28 c:/program files (x86)/microchip/xc32/v1.40/bin/bin/../../lib/gcc/pic32mx/4.8.3/../../../../pic32mx/lib/size/mips16\libc.a(strtof.o)
 .debug_aranges
                0x000009f0       0x28 c:/program files (x86)/microchip/xc32/v1.40/bin/bin/../../lib/gcc/pic32mx/4.8.3/../../../../pic32mx/lib/size/mips16\libc.a(doprnt_cdfFnopuxX.eo)
 .debug_aranges
                0x00000a18       0x20 c:/program files (x86)/microchip/xc32/v1.40/bin/bin/../../lib/gcc/pic32mx/4.8.3/../../../../pic32mx/lib/size/mips16\libc.a(_fputc_simple.o)
 .debug_aranges
                0x00000a38       0x20 c:/program files (x86)/microchip/xc32/v1.40/bin/bin/../../lib/gcc/pic32mx/4.8.3/../../../../pic32mx/lib/size/mips16\libc.a(_flsbuf_simple.o)
 .debug_aranges
                0x00000a58       0x20 c:/program files (x86)/microchip/xc32/v1.40/bin/bin/../../lib/gcc/pic32mx/4.8.3/../../../../pic32mx/lib/size/mips16\libpic32.a(write.o)
 .debug_aranges
                0x00000a78       0x20 c:/program files (x86)/microchip/xc32/v1.40/bin/bin/../../lib/gcc/pic32mx/4.8.3/../../../../pic32mx/lib/size/mips16\libpic32.a(_mon_putc.o)
 .debug_aranges
                0x00000a98       0x20 c:/program files (x86)/microchip/xc32/v1.40/bin/bin/../../lib/gcc/pic32mx/4.8.3/../../../../pic32mx/lib/size/mips16\libm.a(__strtof.o)
 .debug_aranges
                0x00000ab8       0x20 c:/program files (x86)/microchip/xc32/v1.40/bin/bin/../../lib/gcc/pic32mx/4.8.3/../../../../pic32mx/lib/size/mips16\libe.a(_floatdisf.o)
 .debug_aranges
                0x00000ad8       0x20 c:/program files (x86)/microchip/xc32/v1.40/bin/bin/../../lib/gcc/pic32mx/4.8.3/../../../../pic32mx/lib/size/mips16\libe.a(_ldexpf.o)
 .debug_aranges
                0x00000af8       0x20 c:/program files (x86)/microchip/xc32/v1.40/bin/bin/../../lib/gcc/pic32mx/4.8.3/size/mips16\libgcc.a(_lshrdi3.o)
 .debug_aranges
                0x00000b18       0x20 c:/program files (x86)/microchip/xc32/v1.40/bin/bin/../../lib/gcc/pic32mx/4.8.3/size/mips16\libgcc.a(_udivdi3.o)
 .debug_aranges
                0x00000b38       0x20 c:/program files (x86)/microchip/xc32/v1.40/bin/bin/../../lib/gcc/pic32mx/4.8.3/size/mips16\libgcc.a(_umoddi3.o)
 .debug_aranges
                0x00000b58       0x18 c:/program files (x86)/microchip/xc32/v1.40/bin/bin/../../lib/gcc/pic32mx/4.8.3/size/mips16\libgcc.a(_clz.o)

.debug_pubnames
 *(.debug_pubnames)

.debug_info     0x00000000    0x22671
 *(.debug_info .gnu.linkonce.wi.*)
 .debug_info    0x00000000      0xd5c build/PIC32MX130F064B_RFM95W/production/configuration_bits.o
 .debug_info    0x00000d5c     0x2159 build/PIC32MX130F064B_RFM95W/production/interrupts.o
 .debug_info    0x00002eb5     0x2964 build/PIC32MX130F064B_RFM95W/production/main.o
 .debug_info    0x00005819      0xd50 build/PIC32MX130F064B_RFM95W/production/system.o
 .debug_info    0x00006569     0x6140 build/PIC32MX130F064B_RFM95W/production/user.o
 .debug_info    0x0000c6a9     0x2268 build/PIC32MX130F064B_RFM95W/production/UART.o
 .debug_info    0x0000e911      0xe76 build/PIC32MX130F064B_RFM95W/production/delay.o
 .debug_info    0x0000f787      0xe29 build/PIC32MX130F064B_RFM95W/production/Timers.o
 .debug_info    0x000105b0     0x133d build/PIC32MX130F064B_RFM95W/production/SPI.o
 .debug_info    0x000118ed     0x1ad7 build/PIC32MX130F064B_RFM95W/production/RTC_MCP7952X.o
 .debug_info    0x000133c4      0xecd build/PIC32MX130F064B_RFM95W/production/PWM.o
 .debug_info    0x00014291     0x1fee build/PIC32MX130F064B_RFM95W/production/RF_RFM22B.o
 .debug_info    0x0001627f     0x1349 build/PIC32MX130F064B_RFM95W/production/adc.o
 .debug_info    0x000175c8      0xf44 build/PIC32MX130F064B_RFM95W/production/exceptions.o
 .debug_info    0x0001850c     0x1142 build/PIC32MX130F064B_RFM95W/production/MEMS_LIS331DL.o
 .debug_info    0x0001964e      0xfd3 build/PIC32MX130F064B_RFM95W/production/DALI.o
 .debug_info    0x0001a621      0x650 build/PIC32MX130F064B_RFM95W/production/AES/AES_ECB_PIC32.o
 .debug_info    0x0001ac71     0x1d62 build/PIC32MX130F064B_RFM95W/production/RF_RFM69HCW.o
 .debug_info    0x0001c9d3     0x1145 build/PIC32MX130F064B_RFM95W/production/PM_MCP39F511.o
 .debug_info    0x0001db18     0x1c50 build/PIC32MX130F064B_RFM95W/production/RF_RFM95W.o
 .debug_info    0x0001f768       0xa8 c:/program files (x86)/microchip/xc32/v1.40/bin/bin/../../lib/gcc/pic32mx/4.8.3/../../../../pic32mx/lib/size/mips16\libmchp_peripheral.a(open_core_timer_lib.o)
 .debug_info    0x0001f810       0xac c:/program files (x86)/microchip/xc32/v1.40/bin/bin/../../lib/gcc/pic32mx/4.8.3/../../../../pic32mx/lib/size/mips16\libmchp_peripheral.a(update_core_timer_lib.o)
 .debug_info    0x0001f8bc       0xb0 c:/program files (x86)/microchip/xc32/v1.40/bin/bin/../../lib/gcc/pic32mx/4.8.3/../../../../pic32mx/lib/size/mips16\libmchp_peripheral_32MX130F256B.a(soft_reset_lib.o)
 .debug_info    0x0001f96c       0xb0 c:/program files (x86)/microchip/xc32/v1.40/bin/bin/../../lib/gcc/pic32mx/4.8.3/../../../../pic32mx/lib/size/mips16\libmchp_peripheral_32MX130F256B.a(int_configure_system_lib.o)
 .debug_info    0x0001fa1c       0xb2 c:/program files (x86)/microchip/xc32/v1.40/bin/bin/../../lib/gcc/pic32mx/4.8.3/../../../../pic32mx/lib/size/mips16\libmchp_peripheral_32MX130F256B.a(int_enable_interrupts_lib.o)
 .debug_info    0x0001face       0xb4 c:/program files (x86)/microchip/xc32/v1.40/bin/bin/../../lib/gcc/pic32mx/4.8.3/../../../../pic32mx/lib/size/mips16\libmchp_peripheral_32MX130F256B.a(int_disable_interrupts_lib.o)
 .debug_info    0x0001fb82       0xb4 c:/program files (x86)/microchip/xc32/v1.40/bin/bin/../../lib/gcc/pic32mx/4.8.3/../../../../pic32mx/lib/size/mips16\libmchp_peripheral_32MX130F256B.a(int_restore_interrupts_lib.o)
 .debug_info    0x0001fc36      0x19c c:/program files (x86)/microchip/xc32/v1.40/bin/bin/../../lib/gcc/pic32mx/4.8.3/../../../../pic32mx/lib/size/mips16\libmchp_peripheral_32MX130F256B.a(int_tbl_lib.o)
 .debug_info    0x0001fdd2       0xa0 c:/program files (x86)/microchip/xc32/v1.40/bin/bin/../../lib/gcc/pic32mx/4.8.3/../../../../pic32mx/lib/size/mips16\libmchp_peripheral_32MX130F256B.a(spi_chn_open_lib.o)
 .debug_info    0x0001fe72       0xa4 c:/program files (x86)/microchip/xc32/v1.40/bin/bin/../../lib/gcc/pic32mx/4.8.3/../../../../pic32mx/lib/size/mips16\libmchp_peripheral_32MX130F256B.a(nvm_write_word_lib.o)
 .debug_info    0x0001ff16      0x17a c:/program files (x86)/microchip/xc32/v1.40/bin/bin/../../lib/gcc/pic32mx/4.8.3/../../../../pic32mx/lib/size/mips16\libmchp_peripheral_32MX130F256B.a(uart_lib.o)
 .debug_info    0x00020090       0xc5 c:/program files (x86)/microchip/xc32/v1.40/bin/bin/../../lib/gcc/pic32mx/4.8.3/../../../../pic32mx/lib/size/mips16\libmchp_peripheral_32MX130F256B.a(nvm_operation_lib.o)
 .debug_info    0x00020155      0x11f c:/program files (x86)/microchip/xc32/v1.40/bin/bin/../../lib/gcc/pic32mx/4.8.3/size/mips16\libgcc.a(floatunsisf.o)
 .debug_info    0x00020274       0xe3 c:/program files (x86)/microchip/xc32/v1.40/bin/bin/../../lib/gcc/pic32mx/4.8.3/../../../../pic32mx/lib/size/mips16\libpic32.a(default-bootstrap-exception-handler.o)
 .debug_info    0x00020357       0xbd c:/program files (x86)/microchip/xc32/v1.40/bin/bin/../../lib/gcc/pic32mx/4.8.3/../../../../pic32mx/lib/size/mips16\libpic32.a(default-on-reset.o)
 .debug_info    0x00020414       0xc5 c:/program files (x86)/microchip/xc32/v1.40/bin/bin/../../lib/gcc/pic32mx/4.8.3/../../../../pic32mx/lib/size/mips16\libpic32.a(default-on-bootstrap.o)
 .debug_info    0x000204d9       0xd7 c:/program files (x86)/microchip/xc32/v1.40/bin/bin/../../lib/gcc/pic32mx/4.8.3/../../../../pic32mx/lib/size/mips16\libpic32.a(defaultinterrupt.o)
 .debug_info    0x000205b0       0xad c:/program files (x86)/microchip/xc32/v1.40/bin/bin/../../lib/gcc/pic32mx/4.8.3/../../../../pic32mx/lib/size/mips16\libm.a(w_sqrtf.o)
 .debug_info    0x0002065d       0xb2 c:/program files (x86)/microchip/xc32/v1.40/bin/bin/../../lib/gcc/pic32mx/4.8.3/../../../../pic32mx/lib/size/mips16\libc.a(atoi.o)
 .debug_info    0x0002070f       0xc7 c:/program files (x86)/microchip/xc32/v1.40/bin/bin/../../lib/gcc/pic32mx/4.8.3/../../../../pic32mx/lib/size/mips16\libc.a(rand.o)
 .debug_info    0x000207d6       0xb2 c:/program files (x86)/microchip/xc32/v1.40/bin/bin/../../lib/gcc/pic32mx/4.8.3/../../../../pic32mx/lib/size/mips16\libc.a(atof.o)
 .debug_info    0x00020888       0xc4 c:/program files (x86)/microchip/xc32/v1.40/bin/bin/../../lib/gcc/pic32mx/4.8.3/../../../../pic32mx/lib/size/mips16\libc.a(sprintf_cdfFnopuxX.eo)
 .debug_info    0x0002094c       0xe5 c:/program files (x86)/microchip/xc32/v1.40/bin/bin/../../lib/gcc/pic32mx/4.8.3/../../../../pic32mx/lib/size/mips16\libc.a(strtof.o)
 .debug_info    0x00020a31       0xec c:/program files (x86)/microchip/xc32/v1.40/bin/bin/../../lib/gcc/pic32mx/4.8.3/../../../../pic32mx/lib/size/mips16\libc.a(doprnt_cdfFnopuxX.eo)
 .debug_info    0x00020b1d       0xb4 c:/program files (x86)/microchip/xc32/v1.40/bin/bin/../../lib/gcc/pic32mx/4.8.3/../../../../pic32mx/lib/size/mips16\libc.a(_fputc_simple.o)
 .debug_info    0x00020bd1       0xb7 c:/program files (x86)/microchip/xc32/v1.40/bin/bin/../../lib/gcc/pic32mx/4.8.3/../../../../pic32mx/lib/size/mips16\libc.a(_flsbuf_simple.o)
 .debug_info    0x00020c88       0xae c:/program files (x86)/microchip/xc32/v1.40/bin/bin/../../lib/gcc/pic32mx/4.8.3/../../../../pic32mx/lib/size/mips16\libpic32.a(write.o)
 .debug_info    0x00020d36       0xb6 c:/program files (x86)/microchip/xc32/v1.40/bin/bin/../../lib/gcc/pic32mx/4.8.3/../../../../pic32mx/lib/size/mips16\libpic32.a(_mon_putc.o)
 .debug_info    0x00020dec       0xc7 c:/program files (x86)/microchip/xc32/v1.40/bin/bin/../../lib/gcc/pic32mx/4.8.3/../../../../pic32mx/lib/size/mips16\libm.a(__strtof.o)
 .debug_info    0x00020eb3       0xcc c:/program files (x86)/microchip/xc32/v1.40/bin/bin/../../lib/gcc/pic32mx/4.8.3/../../../../pic32mx/lib/size/mips16\libe.a(_floatdisf.o)
 .debug_info    0x00020f7f       0xc9 c:/program files (x86)/microchip/xc32/v1.40/bin/bin/../../lib/gcc/pic32mx/4.8.3/../../../../pic32mx/lib/size/mips16\libe.a(_ldexpf.o)
 .debug_info    0x00021048      0x31c c:/program files (x86)/microchip/xc32/v1.40/bin/bin/../../lib/gcc/pic32mx/4.8.3/size/mips16\libgcc.a(_lshrdi3.o)
 .debug_info    0x00021364      0x843 c:/program files (x86)/microchip/xc32/v1.40/bin/bin/../../lib/gcc/pic32mx/4.8.3/size/mips16\libgcc.a(_udivdi3.o)
 .debug_info    0x00021ba7      0x8a0 c:/program files (x86)/microchip/xc32/v1.40/bin/bin/../../lib/gcc/pic32mx/4.8.3/size/mips16\libgcc.a(_umoddi3.o)
 .debug_info    0x00022447      0x22a c:/program files (x86)/microchip/xc32/v1.40/bin/bin/../../lib/gcc/pic32mx/4.8.3/size/mips16\libgcc.a(_clz.o)

.debug_abbrev   0x00000000     0x347a
 *(.debug_abbrev)
 .debug_abbrev  0x00000000      0x118 build/PIC32MX130F064B_RFM95W/production/configuration_bits.o
 .debug_abbrev  0x00000118      0x27f build/PIC32MX130F064B_RFM95W/production/interrupts.o
 .debug_abbrev  0x00000397      0x39b build/PIC32MX130F064B_RFM95W/production/main.o
 .debug_abbrev  0x00000732      0x118 build/PIC32MX130F064B_RFM95W/production/system.o
 .debug_abbrev  0x0000084a      0x459 build/PIC32MX130F064B_RFM95W/production/user.o
 .debug_abbrev  0x00000ca3      0x292 build/PIC32MX130F064B_RFM95W/production/UART.o
 .debug_abbrev  0x00000f35      0x1ec build/PIC32MX130F064B_RFM95W/production/delay.o
 .debug_abbrev  0x00001121      0x176 build/PIC32MX130F064B_RFM95W/production/Timers.o
 .debug_abbrev  0x00001297      0x1d5 build/PIC32MX130F064B_RFM95W/production/SPI.o
 .debug_abbrev  0x0000146c      0x26f build/PIC32MX130F064B_RFM95W/production/RTC_MCP7952X.o
 .debug_abbrev  0x000016db      0x16e build/PIC32MX130F064B_RFM95W/production/PWM.o
 .debug_abbrev  0x00001849      0x2eb build/PIC32MX130F064B_RFM95W/production/RF_RFM22B.o
 .debug_abbrev  0x00001b34      0x1b3 build/PIC32MX130F064B_RFM95W/production/adc.o
 .debug_abbrev  0x00001ce7      0x1b1 build/PIC32MX130F064B_RFM95W/production/exceptions.o
 .debug_abbrev  0x00001e98      0x1c1 build/PIC32MX130F064B_RFM95W/production/MEMS_LIS331DL.o
 .debug_abbrev  0x00002059      0x188 build/PIC32MX130F064B_RFM95W/production/DALI.o
 .debug_abbrev  0x000021e1      0x123 build/PIC32MX130F064B_RFM95W/production/AES/AES_ECB_PIC32.o
 .debug_abbrev  0x00002304      0x2d6 build/PIC32MX130F064B_RFM95W/production/RF_RFM69HCW.o
 .debug_abbrev  0x000025da      0x1e8 build/PIC32MX130F064B_RFM95W/production/PM_MCP39F511.o
 .debug_abbrev  0x000027c2      0x30a build/PIC32MX130F064B_RFM95W/production/RF_RFM95W.o
 .debug_abbrev  0x00002acc       0x28 c:/program files (x86)/microchip/xc32/v1.40/bin/bin/../../lib/gcc/pic32mx/4.8.3/../../../../pic32mx/lib/size/mips16\libmchp_peripheral.a(open_core_timer_lib.o)
 .debug_abbrev  0x00002af4       0x28 c:/program files (x86)/microchip/xc32/v1.40/bin/bin/../../lib/gcc/pic32mx/4.8.3/../../../../pic32mx/lib/size/mips16\libmchp_peripheral.a(update_core_timer_lib.o)
 .debug_abbrev  0x00002b1c       0x37 c:/program files (x86)/microchip/xc32/v1.40/bin/bin/../../lib/gcc/pic32mx/4.8.3/../../../../pic32mx/lib/size/mips16\libmchp_peripheral_32MX130F256B.a(soft_reset_lib.o)
 .debug_abbrev  0x00002b53       0x28 c:/program files (x86)/microchip/xc32/v1.40/bin/bin/../../lib/gcc/pic32mx/4.8.3/../../../../pic32mx/lib/size/mips16\libmchp_peripheral_32MX130F256B.a(int_configure_system_lib.o)
 .debug_abbrev  0x00002b7b       0x28 c:/program files (x86)/microchip/xc32/v1.40/bin/bin/../../lib/gcc/pic32mx/4.8.3/../../../../pic32mx/lib/size/mips16\libmchp_peripheral_32MX130F256B.a(int_enable_interrupts_lib.o)
 .debug_abbrev  0x00002ba3       0x28 c:/program files (x86)/microchip/xc32/v1.40/bin/bin/../../lib/gcc/pic32mx/4.8.3/../../../../pic32mx/lib/size/mips16\libmchp_peripheral_32MX130F256B.a(int_disable_interrupts_lib.o)
 .debug_abbrev  0x00002bcb       0x28 c:/program files (x86)/microchip/xc32/v1.40/bin/bin/../../lib/gcc/pic32mx/4.8.3/../../../../pic32mx/lib/size/mips16\libmchp_peripheral_32MX130F256B.a(int_restore_interrupts_lib.o)
 .debug_abbrev  0x00002bf3       0x28 c:/program files (x86)/microchip/xc32/v1.40/bin/bin/../../lib/gcc/pic32mx/4.8.3/../../../../pic32mx/lib/size/mips16\libmchp_peripheral_32MX130F256B.a(int_tbl_lib.o)
 .debug_abbrev  0x00002c1b       0x28 c:/program files (x86)/microchip/xc32/v1.40/bin/bin/../../lib/gcc/pic32mx/4.8.3/../../../../pic32mx/lib/size/mips16\libmchp_peripheral_32MX130F256B.a(spi_chn_open_lib.o)
 .debug_abbrev  0x00002c43       0x28 c:/program files (x86)/microchip/xc32/v1.40/bin/bin/../../lib/gcc/pic32mx/4.8.3/../../../../pic32mx/lib/size/mips16\libmchp_peripheral_32MX130F256B.a(nvm_write_word_lib.o)
 .debug_abbrev  0x00002c6b       0x3e c:/program files (x86)/microchip/xc32/v1.40/bin/bin/../../lib/gcc/pic32mx/4.8.3/../../../../pic32mx/lib/size/mips16\libmchp_peripheral_32MX130F256B.a(uart_lib.o)
 .debug_abbrev  0x00002ca9       0x37 c:/program files (x86)/microchip/xc32/v1.40/bin/bin/../../lib/gcc/pic32mx/4.8.3/../../../../pic32mx/lib/size/mips16\libmchp_peripheral_32MX130F256B.a(nvm_operation_lib.o)
 .debug_abbrev  0x00002ce0       0x62 c:/program files (x86)/microchip/xc32/v1.40/bin/bin/../../lib/gcc/pic32mx/4.8.3/size/mips16\libgcc.a(floatunsisf.o)
 .debug_abbrev  0x00002d42       0x28 c:/program files (x86)/microchip/xc32/v1.40/bin/bin/../../lib/gcc/pic32mx/4.8.3/../../../../pic32mx/lib/size/mips16\libpic32.a(default-bootstrap-exception-handler.o)
 .debug_abbrev  0x00002d6a       0x28 c:/program files (x86)/microchip/xc32/v1.40/bin/bin/../../lib/gcc/pic32mx/4.8.3/../../../../pic32mx/lib/size/mips16\libpic32.a(default-on-reset.o)
 .debug_abbrev  0x00002d92       0x28 c:/program files (x86)/microchip/xc32/v1.40/bin/bin/../../lib/gcc/pic32mx/4.8.3/../../../../pic32mx/lib/size/mips16\libpic32.a(default-on-bootstrap.o)
 .debug_abbrev  0x00002dba       0x28 c:/program files (x86)/microchip/xc32/v1.40/bin/bin/../../lib/gcc/pic32mx/4.8.3/../../../../pic32mx/lib/size/mips16\libpic32.a(defaultinterrupt.o)
 .debug_abbrev  0x00002de2       0x28 c:/program files (x86)/microchip/xc32/v1.40/bin/bin/../../lib/gcc/pic32mx/4.8.3/../../../../pic32mx/lib/size/mips16\libm.a(w_sqrtf.o)
 .debug_abbrev  0x00002e0a       0x28 c:/program files (x86)/microchip/xc32/v1.40/bin/bin/../../lib/gcc/pic32mx/4.8.3/../../../../pic32mx/lib/size/mips16\libc.a(atoi.o)
 .debug_abbrev  0x00002e32       0x3e c:/program files (x86)/microchip/xc32/v1.40/bin/bin/../../lib/gcc/pic32mx/4.8.3/../../../../pic32mx/lib/size/mips16\libc.a(rand.o)
 .debug_abbrev  0x00002e70       0x28 c:/program files (x86)/microchip/xc32/v1.40/bin/bin/../../lib/gcc/pic32mx/4.8.3/../../../../pic32mx/lib/size/mips16\libc.a(atof.o)
 .debug_abbrev  0x00002e98       0x28 c:/program files (x86)/microchip/xc32/v1.40/bin/bin/../../lib/gcc/pic32mx/4.8.3/../../../../pic32mx/lib/size/mips16\libc.a(sprintf_cdfFnopuxX.eo)
 .debug_abbrev  0x00002ec0       0x4f c:/program files (x86)/microchip/xc32/v1.40/bin/bin/../../lib/gcc/pic32mx/4.8.3/../../../../pic32mx/lib/size/mips16\libc.a(strtof.o)
 .debug_abbrev  0x00002f0f       0x45 c:/program files (x86)/microchip/xc32/v1.40/bin/bin/../../lib/gcc/pic32mx/4.8.3/../../../../pic32mx/lib/size/mips16\libc.a(doprnt_cdfFnopuxX.eo)
 .debug_abbrev  0x00002f54       0x28 c:/program files (x86)/microchip/xc32/v1.40/bin/bin/../../lib/gcc/pic32mx/4.8.3/../../../../pic32mx/lib/size/mips16\libc.a(_fputc_simple.o)
 .debug_abbrev  0x00002f7c       0x28 c:/program files (x86)/microchip/xc32/v1.40/bin/bin/../../lib/gcc/pic32mx/4.8.3/../../../../pic32mx/lib/size/mips16\libc.a(_flsbuf_simple.o)
 .debug_abbrev  0x00002fa4       0x28 c:/program files (x86)/microchip/xc32/v1.40/bin/bin/../../lib/gcc/pic32mx/4.8.3/../../../../pic32mx/lib/size/mips16\libpic32.a(write.o)
 .debug_abbrev  0x00002fcc       0x28 c:/program files (x86)/microchip/xc32/v1.40/bin/bin/../../lib/gcc/pic32mx/4.8.3/../../../../pic32mx/lib/size/mips16\libpic32.a(_mon_putc.o)
 .debug_abbrev  0x00002ff4       0x35 c:/program files (x86)/microchip/xc32/v1.40/bin/bin/../../lib/gcc/pic32mx/4.8.3/../../../../pic32mx/lib/size/mips16\libm.a(__strtof.o)
 .debug_abbrev  0x00003029       0x35 c:/program files (x86)/microchip/xc32/v1.40/bin/bin/../../lib/gcc/pic32mx/4.8.3/../../../../pic32mx/lib/size/mips16\libe.a(_floatdisf.o)
 .debug_abbrev  0x0000305e       0x35 c:/program files (x86)/microchip/xc32/v1.40/bin/bin/../../lib/gcc/pic32mx/4.8.3/../../../../pic32mx/lib/size/mips16\libe.a(_ldexpf.o)
 .debug_abbrev  0x00003093       0xd7 c:/program files (x86)/microchip/xc32/v1.40/bin/bin/../../lib/gcc/pic32mx/4.8.3/size/mips16\libgcc.a(_lshrdi3.o)
 .debug_abbrev  0x0000316a      0x152 c:/program files (x86)/microchip/xc32/v1.40/bin/bin/../../lib/gcc/pic32mx/4.8.3/size/mips16\libgcc.a(_udivdi3.o)
 .debug_abbrev  0x000032bc      0x16c c:/program files (x86)/microchip/xc32/v1.40/bin/bin/../../lib/gcc/pic32mx/4.8.3/size/mips16\libgcc.a(_umoddi3.o)
 .debug_abbrev  0x00003428       0x52 c:/program files (x86)/microchip/xc32/v1.40/bin/bin/../../lib/gcc/pic32mx/4.8.3/size/mips16\libgcc.a(_clz.o)

.debug_line     0x00000000     0x4a58
 *(.debug_line)
 .debug_line    0x00000000      0x113 build/PIC32MX130F064B_RFM95W/production/configuration_bits.o
 .debug_line    0x00000113      0x301 build/PIC32MX130F064B_RFM95W/production/interrupts.o
 .debug_line    0x00000414      0x311 build/PIC32MX130F064B_RFM95W/production/main.o
 .debug_line    0x00000725      0x113 build/PIC32MX130F064B_RFM95W/production/system.o
 .debug_line    0x00000838      0xbdf build/PIC32MX130F064B_RFM95W/production/user.o
 .debug_line    0x00001417      0x303 build/PIC32MX130F064B_RFM95W/production/UART.o
 .debug_line    0x0000171a      0x1e7 build/PIC32MX130F064B_RFM95W/production/delay.o
 .debug_line    0x00001901      0x1bd build/PIC32MX130F064B_RFM95W/production/Timers.o
 .debug_line    0x00001abe      0x1d4 build/PIC32MX130F064B_RFM95W/production/SPI.o
 .debug_line    0x00001c92      0x379 build/PIC32MX130F064B_RFM95W/production/RTC_MCP7952X.o
 .debug_line    0x0000200b      0x1da build/PIC32MX130F064B_RFM95W/production/PWM.o
 .debug_line    0x000021e5      0x390 build/PIC32MX130F064B_RFM95W/production/RF_RFM22B.o
 .debug_line    0x00002575      0x1f0 build/PIC32MX130F064B_RFM95W/production/adc.o
 .debug_line    0x00002765      0x184 build/PIC32MX130F064B_RFM95W/production/exceptions.o
 .debug_line    0x000028e9      0x229 build/PIC32MX130F064B_RFM95W/production/MEMS_LIS331DL.o
 .debug_line    0x00002b12      0x1fd build/PIC32MX130F064B_RFM95W/production/DALI.o
 .debug_line    0x00002d0f      0x246 build/PIC32MX130F064B_RFM95W/production/AES/AES_ECB_PIC32.o
 .debug_line    0x00002f55      0x370 build/PIC32MX130F064B_RFM95W/production/RF_RFM69HCW.o
 .debug_line    0x000032c5      0x1f9 build/PIC32MX130F064B_RFM95W/production/PM_MCP39F511.o
 .debug_line    0x000034be      0x36c build/PIC32MX130F064B_RFM95W/production/RF_RFM95W.o
 .debug_line    0x0000382a       0x6b c:/program files (x86)/microchip/xc32/v1.40/bin/bin/../../lib/gcc/pic32mx/4.8.3/../../../../pic32mx/lib/size/mips16\libmchp_peripheral.a(open_core_timer_lib.o)
 .debug_line    0x00003895       0x6d c:/program files (x86)/microchip/xc32/v1.40/bin/bin/../../lib/gcc/pic32mx/4.8.3/../../../../pic32mx/lib/size/mips16\libmchp_peripheral.a(update_core_timer_lib.o)
 .debug_line    0x00003902       0xa7 c:/program files (x86)/microchip/xc32/v1.40/bin/bin/../../lib/gcc/pic32mx/4.8.3/../../../../pic32mx/lib/size/mips16\libmchp_peripheral_32MX130F256B.a(soft_reset_lib.o)
 .debug_line    0x000039a9       0x6e c:/program files (x86)/microchip/xc32/v1.40/bin/bin/../../lib/gcc/pic32mx/4.8.3/../../../../pic32mx/lib/size/mips16\libmchp_peripheral_32MX130F256B.a(int_configure_system_lib.o)
 .debug_line    0x00003a17       0x6f c:/program files (x86)/microchip/xc32/v1.40/bin/bin/../../lib/gcc/pic32mx/4.8.3/../../../../pic32mx/lib/size/mips16\libmchp_peripheral_32MX130F256B.a(int_enable_interrupts_lib.o)
 .debug_line    0x00003a86       0x70 c:/program files (x86)/microchip/xc32/v1.40/bin/bin/../../lib/gcc/pic32mx/4.8.3/../../../../pic32mx/lib/size/mips16\libmchp_peripheral_32MX130F256B.a(int_disable_interrupts_lib.o)
 .debug_line    0x00003af6       0x70 c:/program files (x86)/microchip/xc32/v1.40/bin/bin/../../lib/gcc/pic32mx/4.8.3/../../../../pic32mx/lib/size/mips16\libmchp_peripheral_32MX130F256B.a(int_restore_interrupts_lib.o)
 .debug_line    0x00003b66       0x61 c:/program files (x86)/microchip/xc32/v1.40/bin/bin/../../lib/gcc/pic32mx/4.8.3/../../../../pic32mx/lib/size/mips16\libmchp_peripheral_32MX130F256B.a(int_tbl_lib.o)
 .debug_line    0x00003bc7       0x66 c:/program files (x86)/microchip/xc32/v1.40/bin/bin/../../lib/gcc/pic32mx/4.8.3/../../../../pic32mx/lib/size/mips16\libmchp_peripheral_32MX130F256B.a(spi_chn_open_lib.o)
 .debug_line    0x00003c2d        0x0 c:/program files (x86)/microchip/xc32/v1.40/bin/bin/../../lib/gcc/pic32mx/4.8.3/../../../../pic32mx/lib/size/mips16\libmchp_peripheral_32MX130F256B.a(spi_map_tbl_libp.o)
 .debug_line    0x00003c2d       0x68 c:/program files (x86)/microchip/xc32/v1.40/bin/bin/../../lib/gcc/pic32mx/4.8.3/../../../../pic32mx/lib/size/mips16\libmchp_peripheral_32MX130F256B.a(nvm_write_word_lib.o)
 .debug_line    0x00003c95       0x5f c:/program files (x86)/microchip/xc32/v1.40/bin/bin/../../lib/gcc/pic32mx/4.8.3/../../../../pic32mx/lib/size/mips16\libmchp_peripheral_32MX130F256B.a(uart_lib.o)
 .debug_line    0x00003cf4       0xa8 c:/program files (x86)/microchip/xc32/v1.40/bin/bin/../../lib/gcc/pic32mx/4.8.3/../../../../pic32mx/lib/size/mips16\libmchp_peripheral_32MX130F256B.a(nvm_operation_lib.o)
 .debug_line    0x00003d9c       0x8a c:/program files (x86)/microchip/xc32/v1.40/bin/bin/../../lib/gcc/pic32mx/4.8.3/size/mips16\libgcc.a(floatunsisf.o)
 .debug_line    0x00003e26       0x97 c:/program files (x86)/microchip/xc32/v1.40/bin/bin/../../lib/gcc/pic32mx/4.8.3/../../../../pic32mx/lib/size/mips16\libpic32.a(default-bootstrap-exception-handler.o)
 .debug_line    0x00003ebd       0x84 c:/program files (x86)/microchip/xc32/v1.40/bin/bin/../../lib/gcc/pic32mx/4.8.3/../../../../pic32mx/lib/size/mips16\libpic32.a(default-on-reset.o)
 .debug_line    0x00003f41       0x88 c:/program files (x86)/microchip/xc32/v1.40/bin/bin/../../lib/gcc/pic32mx/4.8.3/../../../../pic32mx/lib/size/mips16\libpic32.a(default-on-bootstrap.o)